ok   same-key-burst seed=11 (208 ms)
ok   same-key-burst seed=23 (138 ms)
ok   same-key-burst seed=37 (131 ms)
ok   same-key-burst seed=51 (122 ms)
ok   same-key-burst seed=73 (131 ms)
ok   overdraw seed=11 (178 ms)
ok   overdraw seed=23 (174 ms)
ok   overdraw seed=37 (176 ms)
ok   overdraw seed=51 (178 ms)
ok   overdraw seed=73 (179 ms)
ok   request-race seed=11 (103 ms)
ok   request-race seed=23 (106 ms)
ok   request-race seed=37 (100 ms)
ok   request-race seed=51 (102 ms)
ok   request-race seed=73 (109 ms)
ok   settlement-drain seed=11 (98 ms)
ok   settlement-drain seed=23 (97 ms)
ok   settlement-drain seed=37 (94 ms)
ok   settlement-drain seed=51 (90 ms)
ok   settlement-drain seed=73 (95 ms)
ok   ring-chaos seed=11 (132 ms)
ok   ring-chaos seed=23 (143 ms)
ok   ring-chaos seed=37 (141 ms)
ok   ring-chaos seed=51 (134 ms)
ok   ring-chaos seed=73 (146 ms)
ok   lost-response-retry seed=11 (133 ms)
ok   lost-response-retry seed=23 (139 ms)
ok   lost-response-retry seed=37 (129 ms)
ok   lost-response-retry seed=51 (126 ms)
ok   lost-response-retry seed=73 (129 ms)
ok   same-key-conflict seed=11 (71 ms)
ok   same-key-conflict seed=23 (71 ms)
ok   same-key-conflict seed=37 (73 ms)
ok   same-key-conflict seed=51 (70 ms)
ok   same-key-conflict seed=73 (72 ms)
ok   signup-race seed=11 (692 ms)
ok   signup-race seed=23 (703 ms)
ok   signup-race seed=37 (714 ms)
ok   signup-race seed=51 (697 ms)
ok   signup-race seed=73 (704 ms)
ok   export-under-load seed=11 (109 ms)
ok   export-under-load seed=23 (104 ms)
ok   export-under-load seed=37 (108 ms)
ok   export-under-load seed=51 (114 ms)
ok   export-under-load seed=73 (114 ms)
ok   split-pay-all seed=11 (100 ms)
ok   split-pay-all seed=23 (94 ms)
ok   split-pay-all seed=37 (95 ms)
ok   split-pay-all seed=51 (97 ms)
ok   split-pay-all seed=73 (94 ms)

adversarial: 50/50 rounds passed, 0 failed, 5740 requests
