ok   same-key-burst seed=11 (216 ms)
ok   same-key-burst seed=23 (144 ms)
ok   same-key-burst seed=37 (143 ms)
ok   same-key-burst seed=51 (139 ms)
ok   same-key-burst seed=73 (143 ms)
ok   overdraw seed=11 (193 ms)
ok   overdraw seed=23 (188 ms)
ok   overdraw seed=37 (202 ms)
ok   overdraw seed=51 (197 ms)
ok   overdraw seed=73 (205 ms)
ok   request-race seed=11 (115 ms)
ok   request-race seed=23 (113 ms)
ok   request-race seed=37 (114 ms)
ok   request-race seed=51 (106 ms)
ok   request-race seed=73 (122 ms)
ok   settlement-drain seed=11 (100 ms)
ok   settlement-drain seed=23 (97 ms)
ok   settlement-drain seed=37 (98 ms)
ok   settlement-drain seed=51 (102 ms)
ok   settlement-drain seed=73 (95 ms)
ok   ring-chaos seed=11 (151 ms)
ok   ring-chaos seed=23 (142 ms)
ok   ring-chaos seed=37 (135 ms)
ok   ring-chaos seed=51 (141 ms)
ok   ring-chaos seed=73 (136 ms)
ok   lost-response-retry seed=11 (150 ms)
ok   lost-response-retry seed=23 (138 ms)
ok   lost-response-retry seed=37 (140 ms)
ok   lost-response-retry seed=51 (133 ms)
ok   lost-response-retry seed=73 (146 ms)
ok   same-key-conflict seed=11 (69 ms)
ok   same-key-conflict seed=23 (67 ms)
ok   same-key-conflict seed=37 (67 ms)
ok   same-key-conflict seed=51 (67 ms)
ok   same-key-conflict seed=73 (73 ms)
ok   signup-race seed=11 (755 ms)
ok   signup-race seed=23 (1071 ms)
ok   signup-race seed=37 (815 ms)
ok   signup-race seed=51 (781 ms)
ok   signup-race seed=73 (776 ms)
ok   export-under-load seed=11 (112 ms)
ok   export-under-load seed=23 (108 ms)
ok   export-under-load seed=37 (106 ms)
ok   export-under-load seed=51 (114 ms)
ok   export-under-load seed=73 (109 ms)
ok   split-pay-all seed=11 (100 ms)
ok   split-pay-all seed=23 (100 ms)
ok   split-pay-all seed=37 (103 ms)
ok   split-pay-all seed=51 (100 ms)
ok   split-pay-all seed=73 (99 ms)

adversarial: 50/50 rounds passed, 0 failed, 5740 requests
