#0 building with "default" instance using docker driver

#1 [internal] load build definition from Dockerfile
#1 transferring dockerfile: 470B done
#1 DONE 0.0s

#2 [internal] load metadata for docker.io/library/node:22-alpine
#2 DONE 2.3s

#3 [internal] load .dockerignore
#3 transferring context: 64B done
#3 DONE 0.0s

#4 [internal] load build context
#4 transferring context: 91B done
#4 DONE 0.0s

#5 [1/4] FROM docker.io/library/node:22-alpine@sha256:0a7108bf6c7bf5de370ffb1a3ed6be93d405b43ff159f681a8d18c0e2bc2e402
#5 resolve docker.io/library/node:22-alpine@sha256:0a7108bf6c7bf5de370ffb1a3ed6be93d405b43ff159f681a8d18c0e2bc2e402 0.0s done
#5 DONE 0.0s

#6 [2/4] WORKDIR /app
#6 CACHED

#7 [3/4] COPY package.json ./
#7 DONE 0.1s

#8 [4/4] COPY src ./src
#8 DONE 0.1s

#9 exporting to image
#9 exporting layers 0.1s done
#9 exporting manifest sha256:8994cf84e3206d9c4a4df3b5d0e4181848ec83c96d451304b1a57fe35faf401c 0.0s done
#9 exporting config sha256:01eb3430f3bb2c8ba50de269f8b29a20d660924ce13f799da1f5a6ea84476eef 0.0s done
#9 exporting attestation manifest sha256:11c59c53aee2465f5c10d1d38a9a2676b094f20b9f979ade13361c6a138fc205 0.0s done
#9 exporting manifest list sha256:d0ac4be0ce66d4997499abdbff9968de8aea17736403c185422353a27218eaae 0.0s done
#9 naming to docker.io/library/vf-pocketful-s1:verify done
#9 unpacking to docker.io/library/vf-pocketful-s1:verify 0.0s done
#9 DONE 0.2s
