ok   health
ok   unknown-route-envelope
ok   reset-seeds-balances-and-logins
ok   reset-seeded-feed-and-requests
ok   reset-invalidates-tokens-and-keys
ok   reset-negative-balance-422-unchanged
ok   reset-bad-fixtures-422
ok   reset-currency-jpy-bhd
ok   reset-operator-default-empty
ok   signup-login-shape
ok   signup-handle-derivation
ok   signup-new-user-can-receive-and-be-asked
ok   signup-errors
ok   login-errors
ok   bearer-required
ok   password-not-stored-plaintext
ok   payment-201-shape-and-balances
ok   payment-amount-forms
ok   payment-amount-invalid-422
ok   payment-amount-max-boundary
ok   payment-errors
ok   payment-exact-balance-and-unknown-fields
ok   note-verbatim-roundtrip
ok   idem-header-rules
ok   idem-replay-and-reuse
ok   idem-numeric-equality
ok   idem-scope-user-and-path
ok   idem-failed-key-reusable
ok   idem-replay-after-resource-changed
ok   request-create
ok   request-pay
ok   request-pay-errors
ok   request-decline-cancel
ok   get-requests-filters-order-paging
ok   split-shares-table
ok   split-caller-only-and-zero-share
ok   split-errors
ok   activity-visibility-order-paging
ok   settlement-201-net-chain
ok   settlement-auth-and-shape
ok   settlement-precedence-and-atomicity
ok   settlement-replay
ok   export-shape-unauthenticated
ok   export-import-roundtrip
ok   import-invalid-unchanged
      import fuzz: 25 accepted, 95 rejected
ok   import-corruption-fuzz
ok   import-into-second-instance
ok   conservation-after-suite
ok   protocol-violations

contract: 49/49 checks passed, 0 failed, 1940 requests
