discovered 782 mutants in 1 files; running 782
baseline passes the check in 35654 ms
[1/782] killed     m-5d04f0faf3 src/server.js:19 literal-boundary "32" -> "33"
[2/782] killed     m-c69ce3a73a src/server.js:18 literal-boundary "255" -> "256"
[3/782] killed     m-54d8a31207 src/server.js:17 literal-boundary "200" -> "201"
[4/782] equivalent m-77e69fcee2 src/server.js:26 literal-boundary "8" -> "9"
[5/782] equivalent m-3e1912bf12 src/server.js:26 literal-boundary "1" -> "2"
[6/782] equivalent m-7c49948028 src/server.js:26 literal-boundary "32" -> "33"
[7/782] killed     m-95186a55bf src/server.js:16 literal-boundary "1000000000" -> "1000000001"
[8/782] equivalent m-66f5e7a71f src/server.js:33 logical "||" -> "&&"
[9/782] invalid    m-089ced8c6a src/server.js:26 literal-boundary "16384" -> "16385"
[10/782] killed     m-0cabefbd4d src/server.js:34 statement-deletion "this.status = status;" -> ";"
[11/782] killed     m-34012e1b16 src/server.js:23 literal-boundary "2" -> "3"
[12/782] killed     m-c005ff20e1 src/server.js:33 statement-deletion "super(message || code);" -> ";"
[13/782] killed     m-d2d5a9b4eb src/server.js:35 statement-deletion "this.code = code;" -> ";"
[14/782] equivalent m-1268f8deff src/server.js:40 logical "||" -> "&&"
[15/782] killed     m-71742d637c src/server.js:38 literal-boundary "400" -> "401"
[16/782] equivalent m-a9453d23ce src/server.js:41 logical "||" -> "&&"
[17/782] killed     m-b9fce792d2 src/server.js:39 literal-boundary "422" -> "423"
[18/782] killed     m-8f501a3e6f src/server.js:47 equality-negation "!==" -> "==="
[19/782] killed     m-7349930fb3 src/server.js:40 literal-boundary "404" -> "405"
[20/782] killed     m-ac7b0f7457 src/server.js:41 literal-boundary "403" -> "404"
[21/782] killed     m-f81682f854 src/server.js:47 equality-negation "===" -> "!=="
[22/782] killed     m-ae2ea8e7c3 src/server.js:42 literal-boundary "401" -> "402"
[23/782] killed     m-674e387967 src/server.js:47 negation-removal "!" -> ""
[24/782] killed     m-de1eb7735b src/server.js:53 equality-negation "===" -> "!=="
[25/782] killed     m-223f44d261 src/server.js:23 literal-boundary "53" -> "54"
[26/782] killed     m-3f9ae33eee src/server.js:47 logical "&&" -> "||"
[27/782] killed     m-78c722a160 src/server.js:49 literal-boundary "0" -> "1"
[28/782] killed     m-8f6f5185af src/server.js:47 logical "&&" -> "||"
[29/782] killed     m-d6c2533b7c src/server.js:53 logical "&&" -> "||"
[30/782] killed     m-3f25b228b7 src/server.js:53 logical "&&" -> "||"
[31/782] killed     m-68daed7087 src/server.js:62 arithmetic "+" -> "-"
[32/782] killed     m-a8c87a6caf src/server.js:63 guard-bypass "isObject(v)" -> "false"
[33/782] survived   m-25895f0f53 src/server.js:22 literal-boundary "64" -> "65"
[34/782] survived   m-6ebf44c1ba src/server.js:22 literal-boundary "1024" -> "1025"
[35/782] survived   m-697a22647e src/server.js:22 literal-boundary "1024" -> "1025"
[36/782] equivalent m-cbe2c5f35e src/server.js:69 boundary ">" -> ">="
[37/782] equivalent m-5a50baa811 src/server.js:69 literal-boundary "0" -> "1"
[38/782] equivalent m-64198eda3d src/server.js:78 literal-boundary "16" -> "17"
[39/782] equivalent m-ce774fc6ab src/server.js:80 literal-boundary "64" -> "65"
[40/782] equivalent m-2a97864ae6 src/server.js:80 literal-boundary "1024" -> "1025"
[41/782] equivalent m-fdd2fbe01c src/server.js:80 literal-boundary "1024" -> "1025"
[42/782] killed     m-5fc73fa1d3 src/server.js:65 arithmetic "+" -> "-"
[43/782] killed     m-63a375f26d src/server.js:67 equality-negation "===" -> "!=="
[44/782] killed     m-69a855466e src/server.js:87 equality-negation "===" -> "!=="
[45/782] killed     m-70a519d437 src/server.js:68 guard-bypass "Number.isFinite(v)" -> "false"
[46/782] killed     m-c23d849aed src/server.js:53 boundary "<=" -> "<"
[47/782] killed     m-40693872f5 src/server.js:62 guard-bypass "Array.isArray(v)" -> "false"
[48/782] killed     m-759b5a48f8 src/server.js:65 arithmetic "+" -> "-"
[49/782] killed     m-5641eddec0 src/server.js:87 logical "&&" -> "||"
[50/782] killed     m-42c719b96f src/server.js:88 negation-removal "!" -> ""
[51/782] killed     m-c3f2153513 src/server.js:88 guard-bypass "!m" -> "false"
[52/782] killed     m-98dbce3ad0 src/server.js:67 guard-bypass "typeof v === 'number'" -> "false"
[53/782] killed     m-bd84f0f800 src/server.js:89 literal-boundary "3" -> "4"
[54/782] killed     m-9c83aa746d src/server.js:88 boolean-literal "false" -> "true"
[55/782] killed     m-263ab164c9 src/server.js:89 literal-boundary "1" -> "2"
[56/782] killed     m-30e16161a7 src/server.js:89 literal-boundary "2" -> "3"
[57/782] killed     m-44ee741013 src/server.js:90 arithmetic "-" -> "+"
[58/782] killed     m-e36f56ba92 src/server.js:90 logical "&&" -> "||"
[59/782] killed     m-18c9b8f8c3 src/server.js:90 logical "&&" -> "||"
[60/782] killed     m-0381eef584 src/server.js:90 equality-negation "===" -> "!=="
[61/782] killed     m-27db6f43e5 src/server.js:90 literal-boundary "0" -> "1"
[62/782] survived   m-1aa2ee1b46 src/server.js:90 boundary ">=" -> ">"
[63/782] survived   m-22183280cb src/server.js:90 literal-boundary "2" -> "3"
[64/782] killed     m-8ee3282e3e src/server.js:90 logical "&&" -> "||"
[65/782] survived   m-c4235cdbc8 src/server.js:90 boundary "<=" -> "<"
[66/782] survived   m-18712c3a87 src/server.js:90 literal-boundary "1048576" -> "1048577"
[67/782] killed     m-ca883ef61e src/server.js:90 boundary ">=" -> ">"
[68/782] survived   m-66780682b7 src/server.js:90 literal-boundary "1" -> "2"
[69/782] killed     m-d837cba158 src/server.js:90 logical "&&" -> "||"
[70/782] killed     m-602d4b4e9d src/server.js:90 literal-boundary "1" -> "2"
[71/782] killed     m-e871ce6a95 src/server.js:90 literal-boundary "32" -> "33"
[72/782] killed     m-c8d5fb6cef src/server.js:90 logical "&&" -> "||"
[73/782] killed     m-c6b74b2cf0 src/server.js:95 negation-removal "!" -> ""
[74/782] survived   m-cc353e3ef3 src/server.js:90 boundary ">=" -> ">"
[75/782] survived   m-8e628d1490 src/server.js:90 literal-boundary "1" -> "2"
[76/782] killed     m-57edb705b7 src/server.js:96 literal-boundary "1" -> "2"
[77/782] killed     m-5f4d17395e src/server.js:96 literal-boundary "2" -> "3"
[78/782] killed     m-d0b01d4630 src/server.js:96 literal-boundary "3" -> "4"
[79/782] killed     m-eced865f22 src/server.js:90 logical "&&" -> "||"
[80/782] killed     m-865aaa426d src/server.js:97 literal-boundary "4" -> "5"
[81/782] killed     m-f8c6a47842 src/server.js:98 literal-boundary "5" -> "6"
[82/782] killed     m-198fba3469 src/server.js:99 equality-negation "===" -> "!=="
[83/782] killed     m-2ffc30ef53 src/server.js:90 literal-boundary "16" -> "17"
[84/782] survived   m-a83b941ae0 src/server.js:90 boundary "<=" -> "<"
[85/782] killed     m-354b6ca027 src/server.js:99 guard-bypass "expected.length === 0" -> "false"
[86/782] killed     m-3fcd90f439 src/server.js:99 literal-boundary "0" -> "1"
[87/782] killed     m-425ebcb7c7 src/server.js:99 boolean-literal "false" -> "true"
[88/782] equivalent m-539e48fef9 src/server.js:117 literal-boundary "2" -> "3"
[89/782] equivalent m-705d19a82f src/server.js:128 literal-boundary "0" -> "1"
[90/782] equivalent m-de2ccff6b9 src/server.js:129 literal-boundary "0" -> "1"
[91/782] equivalent m-a8856185ca src/server.js:130 literal-boundary "0" -> "1"
[92/782] survived   m-3cc566b14d src/server.js:90 boundary "<=" -> "<"
[93/782] survived   m-45332a8f43 src/server.js:95 guard-bypass "!m" -> "false"
[94/782] survived   m-0e7027ac9c src/server.js:95 boolean-literal "false" -> "true"
[95/782] equivalent m-8a62450842 src/server.js:144 literal-boundary "1" -> "2"
[96/782] killed     m-6374cb6f63 src/server.js:105 boolean-literal "false" -> "true"
[97/782] killed     m-c4d2afce4e src/server.js:144 statement-deletion "st.counter += 1;" -> ";"
[98/782] killed     m-dcc80ce930 src/server.js:144 compound-assignment "+=" -> "-="
[99/782] killed     m-c25b41dab0 src/server.js:137 statement-deletion "st.lastTs = Math.max(Date.now(), st.lastTs);" -> ";"
[100/782] killed     m-7a410dae64 src/server.js:153 statement-deletion "st.byEmail.set(u.email.toLowerCase(), u);" -> ";"
[101/782] equivalent m-96ec2ebc96 src/server.js:157 literal-boundary "24" -> "25"
[102/782] killed     m-5f5c14093a src/server.js:145 statement-deletion "id = prefix + st.counter;" -> ";"
[103/782] killed     m-830e91e4ab src/server.js:151 statement-deletion "st.users.set(u.id, u);" -> ";"
[104/782] survived   m-6c338e49ac src/server.js:102 literal-boundary "256" -> "257"
[105/782] equivalent m-381fce1e63 src/server.js:202 arithmetic "-" -> "+"
[106/782] killed     m-ab3ad237f9 src/server.js:152 statement-deletion "st.byHandle.set(u.handle, u);" -> ";"
[107/782] killed     m-634ea18039 src/server.js:145 arithmetic "+" -> "-"
[108/782] killed     m-0777f65f7e src/server.js:158 statement-deletion "st.tokens.set(token, userId);" -> ";"
[109/782] survived   m-a825a117bc src/server.js:102 literal-boundary "1024" -> "1025"
[110/782] killed     m-3b1e5f7c18 src/server.js:202 arithmetic "-" -> "+"
[111/782] killed     m-c4967345bc src/server.js:208 guard-bypass "typeof v !== 'number' || !Number.isInteger(v) || v < 1 || v > MAX_AMOUNT" -> "false"
[112/782] killed     m-eaf8028edf src/server.js:208 equality-negation "!==" -> "==="
[113/782] killed     m-f06a9ae169 src/server.js:208 logical "||" -> "&&"
[114/782] killed     m-10a8050c4f src/server.js:208 negation-removal "!" -> ""
[115/782] survived   m-a9a4a60a73 src/server.js:102 literal-boundary "1024" -> "1025"
[116/782] killed     m-229dbf9422 src/server.js:208 logical "||" -> "&&"
[117/782] killed     m-13561ec597 src/server.js:208 boundary "<" -> "<="
[118/782] killed     m-092af064e1 src/server.js:208 literal-boundary "1" -> "2"
[119/782] killed     m-b1f6213a40 src/server.js:208 logical "||" -> "&&"
[120/782] killed     m-2bb54305b6 src/server.js:202 logical "||" -> "&&"
[121/782] killed     m-4af23150b1 src/server.js:208 boundary ">" -> ">="
[122/782] killed     m-8284b3fa1a src/server.js:215 guard-bypass "v === undefined" -> "false"
[123/782] killed     m-7b53223998 src/server.js:215 equality-negation "===" -> "!=="
[124/782] killed     m-1281cb91e3 src/server.js:216 guard-bypass "typeof v !== 'string'" -> "false"
[125/782] killed     m-0672d30665 src/server.js:216 equality-negation "!==" -> "==="
[126/782] killed     m-0b34afc420 src/server.js:217 guard-bypass "codePoints(v) > MAX_NOTE" -> "false"
[127/782] killed     m-f8ae402821 src/server.js:217 boundary ">" -> ">="
[128/782] killed     m-fd3f47c882 src/server.js:222 guard-bypass "v === undefined" -> "false"
[129/782] killed     m-c3a1844a7f src/server.js:222 equality-negation "===" -> "!=="
[130/782] killed     m-06e3037d16 src/server.js:223 guard-bypass "typeof v !== 'string' || !VISIBILITIES.has(v)" -> "false"
[131/782] killed     m-11ad1940b4 src/server.js:230 logical "&&" -> "||"
[132/782] killed     m-4409182298 src/server.js:230 equality-negation "!==" -> "==="
[133/782] killed     m-2678109e83 src/server.js:223 equality-negation "!==" -> "==="
[134/782] killed     m-9d47888802 src/server.js:234 equality-negation "===" -> "!=="
[135/782] killed     m-dc12e64d74 src/server.js:223 logical "||" -> "&&"
[136/782] killed     m-fae4713feb src/server.js:223 negation-removal "!" -> ""
[137/782] killed     m-91ba606891 src/server.js:230 guard-bypass "v !== undefined && typeof v !== 'string'" -> "false"
[138/782] killed     m-cde3dc553c src/server.js:230 equality-negation "!==" -> "==="
[139/782] killed     m-6a158ccd85 src/server.js:234 guard-bypass "v === undefined" -> "false"
[140/782] killed     m-4f52766c5a src/server.js:239 literal-boundary "0" -> "1"
[141/782] killed     m-d3bcbb652e src/server.js:241 guard-bypass "limit !== null" -> "false"
[142/782] killed     m-17202aa9a0 src/server.js:241 equality-negation "!==" -> "==="
[143/782] killed     m-064eac7cea src/server.js:242 guard-bypass "!DIGITS_RE.test(limit)" -> "false"
[144/782] killed     m-9707d4c802 src/server.js:242 negation-removal "!" -> ""
[145/782] killed     m-a080040f48 src/server.js:244 guard-bypass "n < 1 || n > 200" -> "false"
[146/782] killed     m-0e7df1ad55 src/server.js:244 logical "||" -> "&&"
[147/782] killed     m-7845ae9647 src/server.js:244 boundary ">" -> ">="
[148/782] killed     m-958e54e129 src/server.js:244 literal-boundary "200" -> "201"
[149/782] killed     m-2a3a7c4058 src/server.js:239 literal-boundary "50" -> "51"
[150/782] killed     m-772ccd0ed3 src/server.js:245 statement-deletion "out.limit = n;" -> ";"
[151/782] killed     m-17a03753ea src/server.js:248 guard-bypass "offset !== null" -> "false"
[152/782] killed     m-9d0235ca7c src/server.js:248 equality-negation "!==" -> "==="
[153/782] killed     m-29101234fc src/server.js:244 boundary "<" -> "<="
[154/782] equivalent m-944ca59a09 src/server.js:264 guard-bypass "typeof header !== 'string'" -> "false"
[155/782] killed     m-852436583e src/server.js:249 guard-bypass "!DIGITS_RE.test(offset)" -> "false"
[156/782] killed     m-c944f655c8 src/server.js:249 negation-removal "!" -> ""
[157/782] killed     m-a72dc10549 src/server.js:244 literal-boundary "1" -> "2"
[158/782] killed     m-983500e064 src/server.js:250 statement-deletion "out.offset = Number(offset);" -> ";"
[159/782] killed     m-454860f35c src/server.js:256 arithmetic "+" -> "-"
[160/782] killed     m-482cf6a9b7 src/server.js:256 arithmetic "+" -> "-"
[161/782] killed     m-960dd214be src/server.js:264 equality-negation "!==" -> "==="
[162/782] killed     m-5296d51d1c src/server.js:256 boundary "<" -> "<="
[163/782] killed     m-08ac3848e2 src/server.js:266 guard-bypass "!m" -> "false"
[164/782] killed     m-f668472d18 src/server.js:267 literal-boundary "1" -> "2"
[165/782] killed     m-e0c8c15cfd src/server.js:266 negation-removal "!" -> ""
[166/782] killed     m-2d260cd634 src/server.js:268 equality-negation "===" -> "!=="
[167/782] killed     m-6550ba4cf4 src/server.js:279 statement-deletion "text = new TextDecoder('utf-8', { fatal: true }).decode(raw);" -> ";"
[168/782] killed     m-5d1b215326 src/server.js:269 guard-bypass "!user" -> "false"
[169/782] killed     m-d4a4aadb03 src/server.js:285 statement-deletion "value = JSON.parse(text);" -> ";"
[170/782] killed     m-2d82ea9c40 src/server.js:269 negation-removal "!" -> ""
[171/782] killed     m-74a1a22c35 src/server.js:289 negation-removal "!" -> ""
[172/782] killed     m-9807e47279 src/server.js:276 equality-negation "===" -> "!=="
[173/782] killed     m-b75da1ab97 src/server.js:276 logical "&&" -> "||"
[174/782] killed     m-d77c87a9ad src/server.js:276 equality-negation "!==" -> "==="
[175/782] killed     m-7bfafba9d4 src/server.js:289 guard-bypass "!isObject(value)" -> "false"
[176/782] killed     m-6fe01fc0b4 src/server.js:295 guard-bypass "typeof key !== 'string' || key.length === 0" -> "false"
[177/782] killed     m-844bf3a80b src/server.js:295 equality-negation "!==" -> "==="
[178/782] killed     m-9de178a39b src/server.js:295 equality-negation "===" -> "!=="
[179/782] killed     m-b2e190f662 src/server.js:295 logical "||" -> "&&"
[180/782] killed     m-f466afc77d src/server.js:295 literal-boundary "0" -> "1"
[181/782] killed     m-5064d71c0c src/server.js:276 guard-bypass "raw.length === 0 && emptyAs !== undefined" -> "false"
[182/782] killed     m-0b2716b9ee src/server.js:296 literal-boundary "400" -> "401"
[183/782] killed     m-0cb1a09086 src/server.js:276 literal-boundary "0" -> "1"
[184/782] killed     m-60f8b0f61d src/server.js:279 boolean-literal "true" -> "false"
[185/782] killed     m-db35cbba46 src/server.js:298 guard-bypass "codePoints(key) > MAX_KEY" -> "false"
[186/782] killed     m-010ebcdce4 src/server.js:298 boundary ">" -> ">="
[187/782] killed     m-d023c44457 src/server.js:314 guard-bypass "prior" -> "false"
[188/782] killed     m-752cabd604 src/server.js:315 guard-bypass "prior.body !== bodyKey" -> "false"
[189/782] killed     m-65cd7779ac src/server.js:316 literal-boundary "409" -> "410"
[190/782] killed     m-069fbf58c7 src/server.js:315 equality-negation "!==" -> "==="
[191/782] killed     m-ff29046ee4 src/server.js:318 literal-boundary "200" -> "201"
[192/782] killed     m-0fe85a2b8f src/server.js:321 statement-deletion "st.idem.set(scope, { user: user.id, method: 'POST', path: ctx.path, key, body:  -> ";"
[193/782] killed     m-5fcbd84fd6 src/server.js:322 literal-boundary "201" -> "202"
[194/782] killed     m-2017747e2c src/server.js:347 guard-bypass "from.balance < amount" -> "false"
[195/782] killed     m-87df1f0ced src/server.js:342 statement-deletion "st.payments.set(p.id, p);" -> ";"
[196/782] killed     m-be19a011df src/server.js:347 boundary "<" -> "<="
[197/782] killed     m-31848d9fef src/server.js:350 statement-deletion "from.balance -= amount;" -> ";"
[198/782] killed     m-aecbf2b606 src/server.js:348 literal-boundary "409" -> "410"
[199/782] equivalent m-f9a230da0e src/server.js:376 boundary "<" -> "<="
[200/782] killed     m-7dce5e0405 src/server.js:350 compound-assignment "-=" -> "+="
[201/782] killed     m-108cfcc37a src/server.js:351 statement-deletion "to.balance += amount;" -> ";"
[202/782] killed     m-8ddabfc644 src/server.js:351 compound-assignment "+=" -> "-="
[203/782] killed     m-719723f674 src/server.js:373 rounding "Math.floor" -> "Math.ceil"
[204/782] killed     m-cd9f0d3d28 src/server.js:368 statement-deletion "st.requests.set(r.id, r);" -> ";"
[205/782] killed     m-f311aeda49 src/server.js:374 arithmetic "-" -> "+"
[206/782] killed     m-d937507387 src/server.js:376 arithmetic "+" -> "-"
[207/782] killed     m-e13665b3bb src/server.js:376 literal-boundary "0" -> "1"
[208/782] killed     m-0165bdf783 src/server.js:376 boundary "<" -> "<="
[209/782] killed     m-588dcba2dc src/server.js:376 literal-boundary "1" -> "2"
[210/782] killed     m-4aed5d51db src/server.js:376 literal-boundary "0" -> "1"
[211/782] killed     m-6f590bc80a src/server.js:389 literal-boundary "200" -> "201"
[212/782] killed     m-1bae7e15c0 src/server.js:402 statement-deletion "checkStringType(body, 'to_handle');" -> ";"
[213/782] killed     m-0e0c0dd052 src/server.js:408 guard-bypass "!to" -> "false"
[214/782] killed     m-636badc8c6 src/server.js:408 negation-removal "!" -> ""
[215/782] killed     m-1ecf28151f src/server.js:409 guard-bypass "to.id === me.id" -> "false"
[216/782] killed     m-e20965e4a2 src/server.js:409 equality-negation "===" -> "!=="
[217/782] invalid    m-b27003f32e src/server.js:384 literal-boundary "200" -> "201"
[218/782] killed     m-016bcbde09 src/server.js:409 literal-boundary "422" -> "423"
[219/782] killed     m-bcae44b6d7 src/server.js:410 statement-deletion "transfer(st, me, to, amount);" -> ";"
[220/782] killed     m-bb936d8580 src/server.js:420 statement-deletion "checkStringType(body, 'payer_handle');" -> ";"
[221/782] killed     m-b8db2ff3a8 src/server.js:425 negation-removal "!" -> ""
[222/782] killed     m-3f1b99d5b9 src/server.js:425 guard-bypass "!payer" -> "false"
[223/782] killed     m-39a1a89e26 src/server.js:426 guard-bypass "payer.id === me.id" -> "false"
[224/782] killed     m-a85838089f src/server.js:426 equality-negation "===" -> "!=="
[225/782] killed     m-0c488f10de src/server.js:426 literal-boundary "422" -> "423"
[226/782] killed     m-5453c936da src/server.js:438 guard-bypass "!r" -> "false"
[227/782] killed     m-3a5fa80308 src/server.js:438 negation-removal "!" -> ""
[228/782] killed     m-30f47b36be src/server.js:439 guard-bypass "r.payer !== me.id" -> "false"
[229/782] killed     m-28d98bff08 src/server.js:439 equality-negation "!==" -> "==="
[230/782] killed     m-77bc9dd399 src/server.js:441 guard-bypass "r.status !== 'pending'" -> "false"
[231/782] killed     m-e9e62a33ce src/server.js:441 equality-negation "!==" -> "==="
[232/782] killed     m-a6e5f680bc src/server.js:441 literal-boundary "409" -> "410"
[233/782] killed     m-c426848838 src/server.js:443 statement-deletion "transfer(st, me, to, r.amount);" -> ";"
[234/782] killed     m-39412b1ff0 src/server.js:447 statement-deletion "r.status = 'paid';" -> ";"
[235/782] equivalent m-d9bcf882c1 src/server.js:462 equality-negation "===" -> "!=="
[236/782] killed     m-5783b0a040 src/server.js:448 statement-deletion "r.payment_id = p.id;" -> ";"
[237/782] killed     m-9f20b64726 src/server.js:458 guard-bypass "!r" -> "false"
[238/782] killed     m-56c49d25fb src/server.js:458 negation-removal "!" -> ""
[239/782] killed     m-55e9c1a1e5 src/server.js:459 equality-negation "===" -> "!=="
[240/782] killed     m-825e0727e9 src/server.js:460 equality-negation "===" -> "!=="
[241/782] killed     m-dd27d130d4 src/server.js:461 guard-bypass "owner !== me.id" -> "false"
[242/782] killed     m-d4ca40b102 src/server.js:461 equality-negation "!==" -> "==="
[243/782] killed     m-2b7a3a05d6 src/server.js:464 guard-bypass "r.status === 'pending'" -> "false"
[244/782] killed     m-3383256ab1 src/server.js:464 equality-negation "===" -> "!=="
[245/782] killed     m-eacfa11823 src/server.js:465 statement-deletion "r.status = target;" -> ";"
[246/782] killed     m-865f6f077a src/server.js:466 guard-bypass "r.status !== target" -> "false"
[247/782] killed     m-ff4e12c0d3 src/server.js:466 equality-negation "!==" -> "==="
[248/782] killed     m-add8d74543 src/server.js:467 literal-boundary "409" -> "410"
[249/782] killed     m-d3cbc929f9 src/server.js:469 literal-boundary "200" -> "201"
[250/782] killed     m-e024046cde src/server.js:476 guard-bypass "direction !== null && direction !== 'incoming' && direction !== 'outgoing'" -> "false"
[251/782] killed     m-1a10bc87b7 src/server.js:476 equality-negation "!==" -> "==="
[252/782] killed     m-c2e93c63d4 src/server.js:476 logical "&&" -> "||"
[253/782] killed     m-fb13d92568 src/server.js:476 equality-negation "!==" -> "==="
[254/782] killed     m-308b36e221 src/server.js:476 logical "&&" -> "||"
[255/782] killed     m-14afc573ea src/server.js:476 equality-negation "!==" -> "==="
[256/782] killed     m-3aa994aeba src/server.js:480 guard-bypass "status !== null && !STATUSES.has(status)" -> "false"
[257/782] killed     m-c78f8bbffb src/server.js:480 equality-negation "!==" -> "==="
[258/782] killed     m-6b152c3051 src/server.js:480 logical "&&" -> "||"
[259/782] killed     m-0dc5e73b68 src/server.js:480 negation-removal "!" -> ""
[260/782] killed     m-5fc0631f84 src/server.js:485 equality-negation "===" -> "!=="
[261/782] killed     m-aac7eafffa src/server.js:486 equality-negation "===" -> "!=="
[262/782] killed     m-3b98c36461 src/server.js:487 guard-bypass "!incoming && !outgoing" -> "false"
[263/782] killed     m-900e25fa91 src/server.js:487 negation-removal "!" -> ""
[264/782] killed     m-b5e9c1db8b src/server.js:487 logical "&&" -> "||"
[265/782] killed     m-e111053edb src/server.js:487 negation-removal "!" -> ""
[266/782] killed     m-f225f71ea0 src/server.js:488 guard-bypass "direction === 'incoming' && !incoming" -> "false"
[267/782] killed     m-3de6a89ff5 src/server.js:488 equality-negation "===" -> "!=="
[268/782] killed     m-baf6c971ca src/server.js:488 logical "&&" -> "||"
[269/782] killed     m-fbf7a5fe1d src/server.js:488 negation-removal "!" -> ""
[270/782] killed     m-9203f9b4bc src/server.js:489 guard-bypass "direction === 'outgoing' && !outgoing" -> "false"
[271/782] killed     m-90eba5d95c src/server.js:489 equality-negation "===" -> "!=="
[272/782] killed     m-64efabd69a src/server.js:489 logical "&&" -> "||"
[273/782] killed     m-a4da633535 src/server.js:489 negation-removal "!" -> ""
[274/782] killed     m-c02946bf00 src/server.js:490 guard-bypass "status !== null && r.status !== status" -> "false"
[275/782] killed     m-e5fb0e3295 src/server.js:490 equality-negation "!==" -> "==="
[276/782] killed     m-4dddcabf98 src/server.js:490 logical "&&" -> "||"
[277/782] killed     m-8b0d8aa648 src/server.js:490 equality-negation "!==" -> "==="
[278/782] killed     m-6150962d1e src/server.js:491 statement-deletion "mine.push(r);" -> ";"
[279/782] killed     m-474002b33f src/server.js:493 statement-deletion "mine.sort(newestFirst);" -> ";"
[280/782] killed     m-bcf762a687 src/server.js:495 literal-boundary "200" -> "201"
[281/782] killed     m-ca39e16caf src/server.js:502 guard-bypass "handles !== undefined" -> "false"
[282/782] killed     m-f5fbe5533c src/server.js:502 equality-negation "!==" -> "==="
[283/782] killed     m-cb6ee25664 src/server.js:503 guard-bypass "!Array.isArray(handles)" -> "false"
[284/782] killed     m-cdb4f1466f src/server.js:503 negation-removal "!" -> ""
[285/782] killed     m-ff0d3af8f7 src/server.js:505 equality-negation "!==" -> "==="
[286/782] killed     m-057520c793 src/server.js:509 guard-bypass "handles === undefined" -> "false"
[287/782] killed     m-245899902c src/server.js:509 equality-negation "===" -> "!=="
[288/782] killed     m-837e5adefe src/server.js:510 guard-bypass "handles.length === 0" -> "false"
[289/782] killed     m-523a996f39 src/server.js:510 equality-negation "===" -> "!=="
[290/782] killed     m-4a4f143b49 src/server.js:510 literal-boundary "0" -> "1"
[291/782] killed     m-f5b1ccc846 src/server.js:511 guard-bypass "new Set(handles).size !== handles.length" -> "false"
[292/782] equivalent m-b56a0102fb src/server.js:537 statement-deletion "st.splits.set(splitId, split);" -> ";"
[293/782] killed     m-3a1527b109 src/server.js:511 equality-negation "!==" -> "==="
[294/782] killed     m-8423645e56 src/server.js:515 guard-bypass "!u" -> "false"
[295/782] killed     m-b62e5dd89b src/server.js:515 negation-removal "!" -> ""
[296/782] killed     m-050357c7a4 src/server.js:523 guard-bypass "u.id === me.id" -> "false"
[297/782] killed     m-2b4ff157cf src/server.js:505 guard-bypass "typeof h !== 'string'" -> "false"
[298/782] killed     m-a7a6275127 src/server.js:523 equality-negation "===" -> "!=="
[299/782] killed     m-7bc26bb6dc src/server.js:524 statement-deletion "requests.push(createRequest(st, { requester: me, payer: u, amount: shares[i], n -> ";"
[300/782] killed     m-0bfd5c6ff7 src/server.js:557 guard-bypass "p.visibility === 'public' || p.from === me.id || p.to === me.id" -> "false"
[301/782] killed     m-e5ffe5a847 src/server.js:557 equality-negation "===" -> "!=="
[302/782] killed     m-1ee5756bde src/server.js:557 logical "||" -> "&&"
[303/782] killed     m-7714aa02f2 src/server.js:557 equality-negation "===" -> "!=="
[304/782] killed     m-4042af7e76 src/server.js:557 logical "||" -> "&&"
[305/782] killed     m-1fc0cad33e src/server.js:557 equality-negation "===" -> "!=="
[306/782] killed     m-e13f481aca src/server.js:559 statement-deletion "visible.sort(newestFirst);" -> ";"
[307/782] killed     m-a94fdb7182 src/server.js:561 literal-boundary "200" -> "201"
[308/782] killed     m-8356ace0bf src/server.js:567 guard-bypass "!st.operators.has(me.id)" -> "false"
[309/782] killed     m-46f6d90363 src/server.js:567 negation-removal "!" -> ""
[310/782] killed     m-92a5d0c303 src/server.js:569 guard-bypass "!Array.isArray(transfers)" -> "false"
[311/782] killed     m-f5374984f3 src/server.js:569 negation-removal "!" -> ""
[312/782] killed     m-37df5e3f33 src/server.js:570 boundary "<" -> "<="
[313/782] killed     m-ee11a09750 src/server.js:570 guard-bypass "transfers.length < 1 || transfers.length > MAX_TRANSFERS" -> "false"
[314/782] killed     m-252f4da930 src/server.js:570 literal-boundary "1" -> "2"
[315/782] killed     m-d99a53b4bc src/server.js:570 logical "||" -> "&&"
[316/782] killed     m-47d5ee9478 src/server.js:570 boundary ">" -> ">="
[317/782] killed     m-7b6b9891cf src/server.js:575 negation-removal "!" -> ""
[318/782] killed     m-6d01321e1f src/server.js:576 equality-negation "!==" -> "==="
[319/782] killed     m-3a4e75d48c src/server.js:577 equality-negation "!==" -> "==="
[320/782] killed     m-de696d17e2 src/server.js:582 negation-removal "!" -> ""
[321/782] killed     m-0cc4b2fe48 src/server.js:576 guard-bypass "typeof t.from_handle !== 'string'" -> "false"
[322/782] killed     m-b5f64f12e7 src/server.js:584 guard-bypass "!to" -> "false"
[323/782] killed     m-4909be68d1 src/server.js:584 negation-removal "!" -> ""
[324/782] killed     m-ec6d90a866 src/server.js:575 guard-bypass "!isObject(t)" -> "false"
[325/782] killed     m-1fa22e05ab src/server.js:585 guard-bypass "from.id === to.id" -> "false"
[326/782] killed     m-34a98ccc95 src/server.js:577 guard-bypass "typeof t.to_handle !== 'string'" -> "false"
[327/782] killed     m-93898bb896 src/server.js:582 guard-bypass "!from" -> "false"
[328/782] killed     m-707f79511f src/server.js:585 equality-negation "===" -> "!=="
[329/782] killed     m-8aad560712 src/server.js:585 literal-boundary "422" -> "423"
[330/782] killed     m-6c0a67d726 src/server.js:590 statement-deletion "net.set(e.from, (net.get(e.from) || 0) - e.amount);" -> ";"
[331/782] killed     m-92caf476a6 src/server.js:590 logical "||" -> "&&"
[332/782] killed     m-b6fad90050 src/server.js:590 literal-boundary "0" -> "1"
[333/782] killed     m-5970411ce5 src/server.js:590 arithmetic "-" -> "+"
[334/782] killed     m-c5adba9ebc src/server.js:591 statement-deletion "net.set(e.to, (net.get(e.to) || 0) + e.amount);" -> ";"
[335/782] killed     m-445e2d90db src/server.js:591 logical "||" -> "&&"
[336/782] killed     m-1a1ccbc272 src/server.js:591 literal-boundary "0" -> "1"
[337/782] killed     m-2d0be5335f src/server.js:591 arithmetic "+" -> "-"
[338/782] killed     m-48c5f7d5f2 src/server.js:594 guard-bypass "user.balance + delta < 0" -> "false"
[339/782] killed     m-a94f25785c src/server.js:594 arithmetic "+" -> "-"
[340/782] killed     m-81655b7454 src/server.js:594 boundary "<" -> "<="
[341/782] killed     m-55bb3cdb1a src/server.js:594 literal-boundary "0" -> "1"
[342/782] killed     m-33fe79d3e5 src/server.js:595 literal-boundary "409" -> "410"
[343/782] killed     m-743ce19b57 src/server.js:598 compound-assignment "+=" -> "-="
[344/782] killed     m-5e19d7dd64 src/server.js:623 compound-assignment "+=" -> "-="
[345/782] killed     m-b262c77903 src/server.js:621 literal-boundary "0" -> "1"
[346/782] killed     m-f952592b43 src/server.js:624 literal-boundary "0" -> "1"
[347/782] killed     m-a0614d8999 src/server.js:624 literal-boundary "20" -> "21"
[348/782] killed     m-c45bcdb7fc src/server.js:629 boundary ">" -> ">="
[349/782] killed     m-9caa4d409c src/server.js:629 logical "&&" -> "||"
[350/782] killed     m-92bcb00722 src/server.js:629 equality-negation "===" -> "!=="
[351/782] killed     m-8bb0c26de3 src/server.js:629 boundary "<" -> "<="
[352/782] killed     m-41e2b7d88c src/server.js:629 logical "&&" -> "||"
[353/782] killed     m-bb50043f66 src/server.js:629 arithmetic "-" -> "+"
[354/782] killed     m-bb81a6d205 src/server.js:629 logical "&&" -> "||"
[355/782] killed     m-dd72489a34 src/server.js:629 negation-removal "!" -> ""
[356/782] killed     m-4e72f52f50 src/server.js:629 literal-boundary "0" -> "1"
[357/782] killed     m-464ba3ab9d src/server.js:638 guard-bypass "!validEmail(email)" -> "false"
[358/782] killed     m-86fd46fdfc src/server.js:638 negation-removal "!" -> ""
[359/782] killed     m-f7043d7533 src/server.js:639 guard-bypass "codePoints(password) < 8" -> "false"
[360/782] equivalent m-a2bd718280 src/server.js:646 statement-deletion "conflicts();" -> ";"
[361/782] killed     m-e57550b40b src/server.js:639 boundary "<" -> "<="
[362/782] killed     m-36d39bbed6 src/server.js:639 literal-boundary "8" -> "9"
[363/782] killed     m-739fcf7f7f src/server.js:629 literal-boundary "1" -> "2"
[364/782] killed     m-11f6650fe7 src/server.js:643 guard-bypass "st.byEmail.has(email.toLowerCase())" -> "false"
[365/782] killed     m-5357a1bf83 src/server.js:643 literal-boundary "409" -> "410"
[366/782] equivalent m-d41a6d3942 src/server.js:670 guard-bypass "dummyHash" -> "false"
[367/782] killed     m-75f3ecb79e src/server.js:644 guard-bypass "st.byHandle.has(handle)" -> "false"
[368/782] killed     m-296ca7dcc4 src/server.js:644 literal-boundary "409" -> "410"
[369/782] killed     m-934209b0fb src/server.js:654 literal-boundary "0" -> "1"
[370/782] killed     m-722856b74b src/server.js:669 negation-removal "!" -> ""
[371/782] killed     m-88bdd0843f src/server.js:657 statement-deletion "addUser(st, user);" -> ";"
[372/782] killed     m-22ee81129b src/server.js:685 guard-bypass "v === undefined || v === null" -> "false"
[373/782] killed     m-31f7a66d83 src/server.js:685 equality-negation "===" -> "!=="
[374/782] killed     m-4415154348 src/server.js:685 logical "||" -> "&&"
[375/782] killed     m-5f1e346f53 src/server.js:686 equality-negation "!==" -> "==="
[376/782] killed     m-33f0ac8545 src/server.js:691 guard-bypass "v === undefined || v === null" -> "false"
[377/782] killed     m-cd04de9439 src/server.js:691 equality-negation "===" -> "!=="
[378/782] killed     m-3e631261dd src/server.js:691 logical "||" -> "&&"
[379/782] killed     m-342c8ab78c src/server.js:659 literal-boundary "201" -> "202"
[380/782] killed     m-564fa376fd src/server.js:673 negation-removal "!" -> ""
[381/782] killed     m-10b0555b34 src/server.js:675 literal-boundary "200" -> "201"
[382/782] killed     m-96b209b1fb src/server.js:673 guard-bypass "!(await verifyPassword(password, user.password_hash))" -> "false"
[383/782] killed     m-8054529698 src/server.js:669 guard-bypass "!user" -> "false"
[384/782] killed     m-45b910fc54 src/server.js:699 equality-negation "!==" -> "==="
[385/782] killed     m-108dfe9f35 src/server.js:685 equality-negation "===" -> "!=="
[386/782] killed     m-0ada3845fc src/server.js:699 equality-negation "===" -> "!=="
[387/782] killed     m-2c8871c356 src/server.js:691 equality-negation "===" -> "!=="
[388/782] killed     m-0784386f76 src/server.js:692 equality-negation "!==" -> "==="
[389/782] killed     m-508831961a src/server.js:700 negation-removal "!" -> ""
[390/782] killed     m-e0bb22d39e src/server.js:699 guard-bypass "typeof f.currency !== 'string' || f.currency.length === 0" -> "false"
[391/782] killed     m-247e4e1859 src/server.js:700 literal-boundary "2" -> "3"
[392/782] killed     m-a23867c724 src/server.js:686 guard-bypass "typeof v !== 'string'" -> "false"
[393/782] killed     m-d7e3465dc1 src/server.js:699 logical "||" -> "&&"
[394/782] killed     m-f9aa244e8b src/server.js:701 negation-removal "!" -> ""
[395/782] equivalent m-77b4a7d927 src/server.js:704 guard-bypass "!isObject(u)" -> "false"
[396/782] killed     m-577ac3a169 src/server.js:704 negation-removal "!" -> ""
[397/782] killed     m-b7a148cde9 src/server.js:692 guard-bypass "typeof v !== 'string' || Number.isNaN(Date.parse(v))" -> "false"
[398/782] killed     m-7f36c12404 src/server.js:705 equality-negation "!==" -> "==="
[399/782] killed     m-4028a28ba5 src/server.js:692 logical "||" -> "&&"
[400/782] killed     m-0d7d4adf7a src/server.js:705 equality-negation "===" -> "!=="
[401/782] killed     m-c64e5238d6 src/server.js:700 guard-bypass "![0, 2, 3].includes(f.minor_units)" -> "false"
[402/782] killed     m-971feb6f49 src/server.js:700 literal-boundary "0" -> "1"
[403/782] killed     m-32e80087ae src/server.js:700 literal-boundary "3" -> "4"
[404/782] killed     m-becc3ce2e0 src/server.js:699 literal-boundary "0" -> "1"
[405/782] killed     m-b0798e9ffe src/server.js:705 guard-bypass "typeof u.id !== 'string' || u.id.length === 0 || u.id.length > 64 || ids.has(u. -> "false"
[406/782] killed     m-149de58863 src/server.js:701 guard-bypass "!Array.isArray(f.users)" -> "false"
[407/782] killed     m-31238e49ec src/server.js:708 equality-negation "!==" -> "==="
[408/782] killed     m-cd07d947e1 src/server.js:705 logical "||" -> "&&"
[409/782] killed     m-3bd38671d7 src/server.js:708 equality-negation "===" -> "!=="
[410/782] killed     m-510bda7b35 src/server.js:705 logical "||" -> "&&"
[411/782] killed     m-66ec4faf65 src/server.js:705 literal-boundary "0" -> "1"
[412/782] killed     m-ef7810d664 src/server.js:705 logical "||" -> "&&"
[413/782] killed     m-46da585d66 src/server.js:705 boundary ">" -> ">="
[414/782] killed     m-aa60b41998 src/server.js:711 equality-negation "!==" -> "==="
[415/782] killed     m-04326ee805 src/server.js:712 equality-negation "!==" -> "==="
[416/782] killed     m-80406ce7a0 src/server.js:705 literal-boundary "64" -> "65"
[417/782] killed     m-ea7b13cb44 src/server.js:712 negation-removal "!" -> ""
[418/782] killed     m-ce27b63a1f src/server.js:708 guard-bypass "typeof u.email !== 'string' || u.email.length === 0 || emails.has(u.email.toLow -> "false"
[419/782] killed     m-64bd31ea00 src/server.js:712 guard-bypass "typeof u.handle !== 'string' || !HANDLE_RE.test(u.handle) || handles.has(u.hand -> "false"
[420/782] killed     m-c7458031d6 src/server.js:712 logical "||" -> "&&"
[421/782] killed     m-094c8c1be1 src/server.js:715 negation-removal "!" -> ""
[422/782] killed     m-72dadab90c src/server.js:715 boundary "<" -> "<="
[423/782] killed     m-3d45e81a37 src/server.js:715 literal-boundary "0" -> "1"
[424/782] killed     m-e03aea8ae3 src/server.js:708 logical "||" -> "&&"
[425/782] killed     m-d9510fbc60 src/server.js:712 logical "||" -> "&&"
[426/782] killed     m-38bab5ad02 src/server.js:717 statement-deletion "ids.add(u.id); handles.add(u.handle); emails.add(u.email.toLowerCase());" -> ";"
[427/782] killed     m-fce5241b9b src/server.js:708 literal-boundary "0" -> "1"
[428/782] killed     m-f323f0fba5 src/server.js:715 guard-bypass "!isSafeInt(u.balance) || u.balance < 0" -> "false"
[429/782] killed     m-fef1e8bc67 src/server.js:711 guard-bypass "typeof u.password !== 'string'" -> "false"
[430/782] killed     m-f5fae4e89b src/server.js:708 logical "||" -> "&&"
[431/782] killed     m-a195b27b82 src/server.js:715 logical "||" -> "&&"
[432/782] killed     m-0f2a95e905 src/server.js:722 negation-removal "!" -> ""
[433/782] killed     m-1f718fa828 src/server.js:720 equality-negation "===" -> "!=="
[434/782] killed     m-e5a72e2ca5 src/server.js:723 negation-removal "!" -> ""
[435/782] equivalent m-6cb665550d src/server.js:727 guard-bypass "!isObject(p)" -> "false"
[436/782] killed     m-bb54ede6e4 src/server.js:720 equality-negation "===" -> "!=="
[437/782] killed     m-2cefc10213 src/server.js:727 negation-removal "!" -> ""
[438/782] killed     m-027a7c1561 src/server.js:728 equality-negation "!==" -> "==="
[439/782] killed     m-24ee8753b1 src/server.js:721 equality-negation "===" -> "!=="
[440/782] killed     m-31aee71447 src/server.js:728 equality-negation "===" -> "!=="
[441/782] killed     m-fc7a6af2ed src/server.js:721 equality-negation "===" -> "!=="
[442/782] killed     m-53e789d937 src/server.js:720 logical "||" -> "&&"
[443/782] killed     m-d6298bfec2 src/server.js:721 logical "||" -> "&&"
[444/782] killed     m-10f385df80 src/server.js:722 guard-bypass "!Array.isArray(payments)" -> "false"
[445/782] killed     m-d589877886 src/server.js:723 guard-bypass "!Array.isArray(requests)" -> "false"
[446/782] killed     m-49cb375c8a src/server.js:728 guard-bypass "typeof p.id !== 'string' || p.id.length === 0 || p.id.length > 64 || paymentIds -> "false"
[447/782] killed     m-c072375f66 src/server.js:729 negation-removal "!" -> ""
[448/782] killed     m-2f381d42fb src/server.js:728 logical "||" -> "&&"
[449/782] killed     m-f0e78db063 src/server.js:729 negation-removal "!" -> ""
[450/782] killed     m-4b4df51b44 src/server.js:728 literal-boundary "0" -> "1"
[451/782] killed     m-6fd7fc1c28 src/server.js:730 negation-removal "!" -> ""
[452/782] killed     m-a2d2214c48 src/server.js:728 logical "||" -> "&&"
[453/782] killed     m-332c70ee2c src/server.js:729 guard-bypass "!ids.has(p.from_user_id) || !ids.has(p.to_user_id)" -> "false"
[454/782] killed     m-c8e4fcf138 src/server.js:729 logical "||" -> "&&"
[455/782] killed     m-9580081ae7 src/server.js:728 boundary ">" -> ">="
[456/782] killed     m-f2ede8add5 src/server.js:728 literal-boundary "64" -> "65"
[457/782] killed     m-a6ad27d358 src/server.js:728 logical "||" -> "&&"
[458/782] killed     m-4eff548b29 src/server.js:730 guard-bypass "!isSafeInt(p.amount) || p.amount < 0" -> "false"
[459/782] killed     m-fa4c6d9345 src/server.js:731 equality-negation "===" -> "!=="
[460/782] killed     m-7dd8eff6d6 src/server.js:732 negation-removal "!" -> ""
[461/782] killed     m-94f599b078 src/server.js:730 logical "||" -> "&&"
[462/782] killed     m-409d25e734 src/server.js:731 equality-negation "===" -> "!=="
[463/782] killed     m-697436b320 src/server.js:746 negation-removal "!" -> ""
[464/782] killed     m-d50ebe27de src/server.js:730 boundary "<" -> "<="
[465/782] killed     m-80f9e89aa0 src/server.js:747 equality-negation "!==" -> "==="
[466/782] killed     m-1e86e60046 src/server.js:730 literal-boundary "0" -> "1"
[467/782] killed     m-235f7ffc9e src/server.js:747 equality-negation "===" -> "!=="
[468/782] killed     m-c190676be0 src/server.js:731 logical "||" -> "&&"
[469/782] killed     m-200b8544c5 src/server.js:740 equality-negation "===" -> "!=="
[470/782] killed     m-331b205349 src/server.js:732 guard-bypass "!VISIBILITIES.has(visibility)" -> "false"
[471/782] killed     m-0183ca07d0 src/server.js:733 statement-deletion "paymentIds.add(p.id);" -> ";"
[472/782] killed     m-822514455e src/server.js:746 guard-bypass "!isObject(r)" -> "false"
[473/782] killed     m-2a1a6e7125 src/server.js:747 guard-bypass "typeof r.id !== 'string' || r.id.length === 0 || r.id.length > 64 || requestIds -> "false"
[474/782] killed     m-177e5b0c29 src/server.js:748 negation-removal "!" -> ""
[475/782] killed     m-f26cdb369e src/server.js:747 logical "||" -> "&&"
[476/782] killed     m-8a4bb2e028 src/server.js:748 negation-removal "!" -> ""
[477/782] killed     m-370f64110e src/server.js:747 literal-boundary "0" -> "1"
[478/782] killed     m-d0cedcc831 src/server.js:749 negation-removal "!" -> ""
[479/782] killed     m-174267ae65 src/server.js:747 logical "||" -> "&&"
[480/782] killed     m-4813de37c8 src/server.js:747 boundary ">" -> ">="
[481/782] killed     m-c0ee9d02d0 src/server.js:747 literal-boundary "64" -> "65"
[482/782] killed     m-b78e13930d src/server.js:747 logical "||" -> "&&"
[483/782] killed     m-b7a58fa447 src/server.js:748 guard-bypass "!ids.has(r.requester_id) || !ids.has(r.payer_id)" -> "false"
[484/782] killed     m-87fe2a2f3d src/server.js:748 logical "||" -> "&&"
[485/782] killed     m-ed991d87ca src/server.js:749 guard-bypass "!isSafeInt(r.amount) || r.amount < 0" -> "false"
[486/782] killed     m-4e7d568091 src/server.js:751 negation-removal "!" -> ""
[487/782] killed     m-d54addfcd5 src/server.js:749 logical "||" -> "&&"
[488/782] killed     m-faf9ad3f01 src/server.js:749 boundary "<" -> "<="
[489/782] killed     m-12425ab98c src/server.js:750 equality-negation "===" -> "!=="
[490/782] killed     m-4245bd0e8c src/server.js:749 literal-boundary "0" -> "1"
[491/782] killed     m-0d3888b43d src/server.js:750 equality-negation "===" -> "!=="
[492/782] killed     m-afd366fcfa src/server.js:751 guard-bypass "!STATUSES.has(status)" -> "false"
[493/782] killed     m-d135e371e3 src/server.js:750 logical "||" -> "&&"
[494/782] killed     m-eb68d95217 src/server.js:763 negation-removal "!" -> ""
[495/782] killed     m-f416bac6a7 src/server.js:762 guard-bypass "operators === undefined || operators === null" -> "false"
[496/782] killed     m-83162afdd4 src/server.js:763 equality-negation "!==" -> "==="
[497/782] killed     m-851d6d0ef5 src/server.js:762 equality-negation "===" -> "!=="
[498/782] killed     m-f030e62b05 src/server.js:762 logical "||" -> "&&"
[499/782] killed     m-0f46fd7302 src/server.js:763 negation-removal "!" -> ""
[500/782] killed     m-3abdfcd7f6 src/server.js:762 equality-negation "===" -> "!=="
[501/782] killed     m-fd149a0cd7 src/server.js:752 statement-deletion "requestIds.add(r.id);" -> ";"
[502/782] equivalent m-57968b4b73 src/server.js:788 literal-boundary "0" -> "1"
[503/782] equivalent m-cbff45532a src/server.js:790 statement-deletion "i += 1;" -> ";"
[504/782] killed     m-d20f32595e src/server.js:758 equality-negation "===" -> "!=="
[505/782] equivalent m-385f839863 src/server.js:790 literal-boundary "1" -> "2"
[506/782] killed     m-12e4952b86 src/server.js:775 statement-deletion "st.currency = plan.currency;" -> ";"
[507/782] killed     m-8936b81e8d src/server.js:776 statement-deletion "st.minorUnits = plan.minorUnits;" -> ";"
[508/782] killed     m-7b63fb52d2 src/server.js:763 guard-bypass "!Array.isArray(operators) || operators.some((id) => typeof id !== 'string' || ! -> "false"
[509/782] killed     m-86a8bd88f2 src/server.js:763 logical "||" -> "&&"
[510/782] killed     m-c00247abf2 src/server.js:763 logical "||" -> "&&"
[511/782] equivalent m-1ef38d9fb2 src/server.js:792 arithmetic "-" -> "+"
[512/782] equivalent m-d9555db638 src/server.js:792 literal-boundary "1" -> "2"
[513/782] killed     m-7cc3e404da src/server.js:791 guard-bypass "item.ts === null" -> "false"
[514/782] killed     m-f1193ae701 src/server.js:791 equality-negation "===" -> "!=="
[515/782] equivalent m-2c8d1aca14 src/server.js:800 statement-deletion "st.lastTs = Math.max(st.lastTs, base);" -> ";"
[516/782] killed     m-484d3a3779 src/server.js:792 statement-deletion "item.ts = base - (count - i) - 1;" -> ";"
[517/782] killed     m-6c30f44b9a src/server.js:807 statement-deletion "state = await buildFromFixture(plan);" -> ";"
[518/782] killed     m-06db6a571d src/server.js:808 literal-boundary "204" -> "205"
[519/782] killed     m-36f9146c3e src/server.js:787 arithmetic "+" -> "-"
[520/782] killed     m-6cd66f9fee src/server.js:790 compound-assignment "+=" -> "-="
[521/782] killed     m-08c9bd5a06 src/server.js:793 statement-deletion "item.created_at = formatTs(item.ts);" -> ";"
[522/782] killed     m-3393c5a444 src/server.js:795 statement-deletion "item.seq = ++st.seq;" -> ";"
[523/782] killed     m-205664c49a src/server.js:813 literal-boundary "200" -> "201"
[524/782] killed     m-d5c0ce656e src/server.js:815 literal-boundary "1" -> "2"
[525/782] killed     m-3255a7e197 src/server.js:843 equality-negation "===" -> "!=="
[526/782] killed     m-a90727246c src/server.js:843 logical "||" -> "&&"
[527/782] killed     m-d31df8f5de src/server.js:843 equality-negation "===" -> "!=="
[528/782] killed     m-74a34dc253 src/server.js:844 equality-negation "===" -> "!=="
[529/782] killed     m-02bd5388ef src/server.js:792 arithmetic "-" -> "+"
[530/782] killed     m-3f3c8e5977 src/server.js:792 arithmetic "-" -> "+"
[531/782] killed     m-a3159a5b8f src/server.js:844 negation-removal "!" -> ""
[532/782] killed     m-746183136d src/server.js:846 equality-negation "===" -> "!=="
[533/782] killed     m-0f94b45be0 src/server.js:846 logical "&&" -> "||"
[534/782] killed     m-a1f147ac0d src/server.js:844 logical "&&" -> "||"
[535/782] killed     m-75d9698c21 src/server.js:845 boundary ">=" -> ">"
[536/782] killed     m-f5f2660e0b src/server.js:845 literal-boundary "0" -> "1"
[537/782] killed     m-42038cb62e src/server.js:846 logical "&&" -> "||"
[538/782] killed     m-7d8dc7b82f src/server.js:845 logical "&&" -> "||"
[539/782] killed     m-c7e74f8bcf src/server.js:846 boundary ">" -> ">="
[540/782] killed     m-2e8f95c00a src/server.js:849 guard-bypass "!Array.isArray(s[name])" -> "false"
[541/782] killed     m-97c8295dbe src/server.js:849 negation-removal "!" -> ""
[542/782] killed     m-87302f9cfb src/server.js:846 literal-boundary "0" -> "1"
[543/782] killed     m-2f5f98183d src/server.js:856 guard-bypass "doc.track !== 'pocketful'" -> "false"
[544/782] killed     m-e0a104addd src/server.js:856 equality-negation "!==" -> "==="
[545/782] killed     m-8dbdfc2cae src/server.js:846 boundary "<=" -> "<"
[546/782] killed     m-9e0a7b4c18 src/server.js:857 guard-bypass "doc.format_version !== 1" -> "false"
[547/782] killed     m-b22daa2c85 src/server.js:857 equality-negation "!==" -> "==="
[548/782] killed     m-d04502440d src/server.js:857 literal-boundary "1" -> "2"
[549/782] killed     m-ddde481d27 src/server.js:846 literal-boundary "64" -> "65"
[550/782] killed     m-0263b0f0cf src/server.js:859 guard-bypass "!isObject(s)" -> "false"
[551/782] killed     m-9a70b42cdc src/server.js:859 negation-removal "!" -> ""
[552/782] killed     m-5db348f973 src/server.js:860 equality-negation "!==" -> "==="
[553/782] killed     m-c39dcefefa src/server.js:860 equality-negation "===" -> "!=="
[554/782] killed     m-99368db8f7 src/server.js:860 logical "||" -> "&&"
[555/782] killed     m-53c08c38a3 src/server.js:861 negation-removal "!" -> ""
[556/782] killed     m-981034784b src/server.js:860 guard-bypass "typeof s.currency !== 'string' || s.currency.length === 0" -> "false"
[557/782] killed     m-49ef63c2f8 src/server.js:861 literal-boundary "2" -> "3"
[558/782] killed     m-037b35d85c src/server.js:861 guard-bypass "![0, 2, 3].includes(s.minor_units)" -> "false"
[559/782] killed     m-3a15f40fa5 src/server.js:862 negation-removal "!" -> ""
[560/782] killed     m-721134945b src/server.js:860 literal-boundary "0" -> "1"
[561/782] killed     m-2c256e8266 src/server.js:861 literal-boundary "0" -> "1"
[562/782] killed     m-5de99bcf32 src/server.js:862 negation-removal "!" -> ""
[563/782] equivalent m-88be4a9265 src/server.js:866 statement-deletion "st.counter = s.counter;" -> ";"
[564/782] equivalent m-614f929860 src/server.js:867 statement-deletion "st.seq = s.seq;" -> ";"
[565/782] equivalent m-47f8858adf src/server.js:868 statement-deletion "st.lastTs = s.last_ts;" -> ";"
[566/782] killed     m-1aaa53fa46 src/server.js:862 negation-removal "!" -> ""
[567/782] killed     m-3a7c142620 src/server.js:861 literal-boundary "3" -> "4"
[568/782] killed     m-839f7bc17e src/server.js:862 guard-bypass "!isCount(s.counter) || !isCount(s.seq) || !isCount(s.last_ts)" -> "false"
[569/782] killed     m-d8d1e2e47c src/server.js:862 logical "||" -> "&&"
[570/782] killed     m-2c3ebef997 src/server.js:871 guard-bypass "!isObject(u) || !isId(u.id) || st.users.has(u.id)" -> "false"
[571/782] killed     m-d775a689bf src/server.js:871 negation-removal "!" -> ""
[572/782] killed     m-10f0f79481 src/server.js:871 negation-removal "!" -> ""
[573/782] killed     m-ea227d8942 src/server.js:871 logical "||" -> "&&"
[574/782] killed     m-24af375a28 src/server.js:862 logical "||" -> "&&"
[575/782] killed     m-64947f67d1 src/server.js:872 guard-bypass "typeof u.email !== 'string' || st.byEmail.has(u.email.toLowerCase())" -> "false"
[576/782] killed     m-2b974d00f0 src/server.js:864 statement-deletion "st.currency = s.currency;" -> ";"
[577/782] killed     m-6deee665f5 src/server.js:865 statement-deletion "st.minorUnits = s.minor_units;" -> ";"
[578/782] killed     m-95afd03e86 src/server.js:872 equality-negation "!==" -> "==="
[579/782] killed     m-15fc3db10f src/server.js:873 equality-negation "!==" -> "==="
[580/782] killed     m-296ae0362a src/server.js:872 logical "||" -> "&&"
[581/782] killed     m-d8f8a2b1c0 src/server.js:873 negation-removal "!" -> ""
[582/782] killed     m-676c4baf75 src/server.js:871 logical "||" -> "&&"
[583/782] killed     m-be32d473d9 src/server.js:873 guard-bypass "typeof u.handle !== 'string' || !HANDLE_RE.test(u.handle) || st.byHandle.has(u. -> "false"
[584/782] killed     m-3bb708a6fa src/server.js:874 equality-negation "!==" -> "==="
[585/782] killed     m-56389bc372 src/server.js:875 guard-bypass "!isSafeInt(u.balance) || u.balance < 0" -> "false"
[586/782] killed     m-f5f0cd00aa src/server.js:873 logical "||" -> "&&"
[587/782] killed     m-a8312c4cf1 src/server.js:875 negation-removal "!" -> ""
[588/782] killed     m-7854307878 src/server.js:873 logical "||" -> "&&"
[589/782] killed     m-177672c2d6 src/server.js:875 logical "||" -> "&&"
[590/782] killed     m-ddd1cf0db4 src/server.js:875 boundary "<" -> "<="
[591/782] killed     m-37c86a1564 src/server.js:875 literal-boundary "0" -> "1"
[592/782] killed     m-c5c143762b src/server.js:874 guard-bypass "typeof u.display_name !== 'string'" -> "false"
[593/782] killed     m-17125da2aa src/server.js:876 negation-removal "!" -> ""
[594/782] killed     m-aab1292077 src/server.js:883 negation-removal "!" -> ""
[595/782] killed     m-39ba64efa3 src/server.js:883 logical "||" -> "&&"
[596/782] killed     m-2c58bbd670 src/server.js:883 equality-negation "!==" -> "==="
[597/782] killed     m-a3e9ff50c4 src/server.js:883 logical "||" -> "&&"
[598/782] killed     m-98d06d93e6 src/server.js:876 guard-bypass "!validHash(u.password_hash)" -> "false"
[599/782] killed     m-1bb5dde0b6 src/server.js:883 equality-negation "===" -> "!=="
[600/782] killed     m-a49620b8bd src/server.js:883 guard-bypass "!isObject(t) || typeof t.token !== 'string' || t.token.length === 0 || !st.user -> "false"
[601/782] killed     m-75d94f4ba2 src/server.js:883 negation-removal "!" -> ""
[602/782] killed     m-6b0061dbf4 src/server.js:886 statement-deletion "st.tokens.set(t.token, t.user_id);" -> ";"
[603/782] killed     m-5d7d44fe89 src/server.js:889 negation-removal "!" -> ""
[604/782] killed     m-313bd60246 src/server.js:890 statement-deletion "st.operators.add(id);" -> ";"
[605/782] killed     m-00806c25c1 src/server.js:893 guard-bypass "!isObject(p) || !isId(p.id) || st.payments.has(p.id)" -> "false"
[606/782] killed     m-1209ca814d src/server.js:883 logical "||" -> "&&"
[607/782] killed     m-6ac11054fe src/server.js:893 negation-removal "!" -> ""
[608/782] killed     m-2dba03064a src/server.js:889 guard-bypass "!st.users.has(id)" -> "false"
[609/782] killed     m-c6baacd30e src/server.js:893 negation-removal "!" -> ""
[610/782] killed     m-cad365a0aa src/server.js:893 logical "||" -> "&&"
[611/782] killed     m-55338a3cf5 src/server.js:894 negation-removal "!" -> ""
[612/782] killed     m-205038cfb7 src/server.js:894 guard-bypass "!st.users.has(p.from) || !st.users.has(p.to)" -> "false"
[613/782] killed     m-c040395aa6 src/server.js:894 logical "||" -> "&&"
[614/782] killed     m-dd49946f66 src/server.js:894 negation-removal "!" -> ""
[615/782] killed     m-f7d30b076a src/server.js:895 negation-removal "!" -> ""
[616/782] killed     m-39294988f6 src/server.js:893 logical "||" -> "&&"
[617/782] killed     m-dbad56154a src/server.js:895 guard-bypass "!isSafeInt(p.amount) || p.amount < 0" -> "false"
[618/782] killed     m-dd0c76b877 src/server.js:896 equality-negation "!==" -> "==="
[619/782] killed     m-1836d051cc src/server.js:895 logical "||" -> "&&"
[620/782] survived   m-5ff53ca016 src/server.js:883 literal-boundary "0" -> "1"
[621/782] killed     m-c2e77673b8 src/server.js:896 negation-removal "!" -> ""
[622/782] killed     m-6f5b2053f5 src/server.js:896 guard-bypass "typeof p.note !== 'string' || !VISIBILITIES.has(p.visibility)" -> "false"
[623/782] killed     m-1377666d49 src/server.js:895 boundary "<" -> "<="
[624/782] killed     m-3d95b5ac2c src/server.js:896 logical "||" -> "&&"
[625/782] killed     m-81972d1282 src/server.js:895 literal-boundary "0" -> "1"
[626/782] killed     m-8f7b8ce62c src/server.js:897 negation-removal "!" -> ""
[627/782] killed     m-37eb816a26 src/server.js:897 negation-removal "!" -> ""
[628/782] killed     m-2986a184ee src/server.js:898 equality-negation "!==" -> "==="
[629/782] killed     m-b6a832477e src/server.js:898 negation-removal "!" -> ""
[630/782] killed     m-8ab9a60a84 src/server.js:897 guard-bypass "!isNullableString(p.request_id) || !isNullableString(p.settlement_id)" -> "false"
[631/782] killed     m-c5e045c266 src/server.js:898 negation-removal "!" -> ""
[632/782] killed     m-593cae6c15 src/server.js:898 guard-bypass "typeof p.ts !== 'number' || !Number.isFinite(p.ts) || !isTsString(p.created_at) -> "false"
[633/782] killed     m-ce9e34d33b src/server.js:898 negation-removal "!" -> ""
[634/782] killed     m-aa16dcebae src/server.js:897 logical "||" -> "&&"
[635/782] killed     m-a5cab4a826 src/server.js:898 logical "||" -> "&&"
[636/782] killed     m-cea11cd7e9 src/server.js:907 negation-removal "!" -> ""
[637/782] killed     m-2408832c34 src/server.js:898 logical "||" -> "&&"
[638/782] killed     m-c97b1b4772 src/server.js:907 negation-removal "!" -> ""
[639/782] killed     m-4b1ad430ff src/server.js:907 guard-bypass "!isObject(r) || !isId(r.id) || st.requests.has(r.id)" -> "false"
[640/782] killed     m-8bb466b736 src/server.js:908 guard-bypass "!st.users.has(r.requester) || !st.users.has(r.payer)" -> "false"
[641/782] killed     m-c0cb57a4d7 src/server.js:908 negation-removal "!" -> ""
[642/782] killed     m-4aae3cc006 src/server.js:908 logical "||" -> "&&"
[643/782] killed     m-d1e5085230 src/server.js:908 negation-removal "!" -> ""
[644/782] killed     m-3ccf9a00c9 src/server.js:907 logical "||" -> "&&"
[645/782] killed     m-e719052f09 src/server.js:909 negation-removal "!" -> ""
[646/782] killed     m-dbd32f106c src/server.js:910 equality-negation "!==" -> "==="
[647/782] survived   m-7fc74df736 src/server.js:898 logical "||" -> "&&"
[648/782] killed     m-638ec2afae src/server.js:909 guard-bypass "!isSafeInt(r.amount) || r.amount < 0" -> "false"
[649/782] killed     m-47bd6ff8b4 src/server.js:910 guard-bypass "typeof r.note !== 'string' || !STATUSES.has(r.status)" -> "false"
[650/782] killed     m-a7ed73f93d src/server.js:909 logical "||" -> "&&"
[651/782] killed     m-955dc99c04 src/server.js:910 negation-removal "!" -> ""
[652/782] killed     m-dc74e6ce79 src/server.js:909 boundary "<" -> "<="
[653/782] killed     m-30d56c1efa src/server.js:909 literal-boundary "0" -> "1"
[654/782] killed     m-23949cba8e src/server.js:911 negation-removal "!" -> ""
[655/782] killed     m-7398640c0c src/server.js:910 logical "||" -> "&&"
[656/782] survived   m-10bed28720 src/server.js:907 logical "||" -> "&&"
[657/782] killed     m-e4600449e1 src/server.js:911 negation-removal "!" -> ""
[658/782] killed     m-c54c8f62be src/server.js:912 equality-negation "!==" -> "==="
[659/782] killed     m-31a7cc06b4 src/server.js:912 negation-removal "!" -> ""
[660/782] killed     m-8997191b3a src/server.js:912 negation-removal "!" -> ""
[661/782] killed     m-1c3e2d7040 src/server.js:912 guard-bypass "typeof r.ts !== 'number' || !Number.isFinite(r.ts) || !isTsString(r.created_at) -> "false"
[662/782] killed     m-e8eccb3a1e src/server.js:912 negation-removal "!" -> ""
[663/782] killed     m-7f8513d8f4 src/server.js:912 logical "||" -> "&&"
[664/782] killed     m-2b1303adf8 src/server.js:912 logical "||" -> "&&"
[665/782] killed     m-a41a99976e src/server.js:921 negation-removal "!" -> ""
[666/782] killed     m-a43d2c6e15 src/server.js:921 negation-removal "!" -> ""
[667/782] survived   m-8523820780 src/server.js:911 guard-bypass "!isNullableString(r.payment_id) || !isNullableString(r.split_id)" -> "false"
[668/782] survived   m-9e7ea837dc src/server.js:911 logical "||" -> "&&"
[669/782] killed     m-a9f9bfb569 src/server.js:921 negation-removal "!" -> ""
[670/782] survived   m-4111232163 src/server.js:912 logical "||" -> "&&"
[671/782] killed     m-db3b703503 src/server.js:922 negation-removal "!" -> ""
[672/782] killed     m-0081957753 src/server.js:922 equality-negation "!==" -> "==="
[673/782] survived   m-1d83d3cd37 src/server.js:921 guard-bypass "!isObject(sp) || !isId(sp.id) || st.splits.has(sp.id) || !st.users.has(sp.reque -> "false"
[674/782] killed     m-abb64ba26a src/server.js:922 negation-removal "!" -> ""
[675/782] survived   m-859201692b src/server.js:921 logical "||" -> "&&"
[676/782] killed     m-c8baf4a1a4 src/server.js:923 negation-removal "!" -> ""
[677/782] survived   m-6bcef38f6a src/server.js:921 logical "||" -> "&&"
[678/782] survived   m-5d0cb3cf8f src/server.js:921 logical "||" -> "&&"
[679/782] killed     m-c66f824328 src/server.js:923 guard-bypass "!Array.isArray(sp.shares) || !sp.shares.every((x) => isObject(x) && typeof x.ha -> "false"
[680/782] killed     m-ec757124f5 src/server.js:923 negation-removal "!" -> ""
[681/782] killed     m-7f8672a735 src/server.js:923 equality-negation "===" -> "!=="
[682/782] survived   m-be851ce7cd src/server.js:922 guard-bypass "!isSafeInt(sp.amount) || typeof sp.note !== 'string' || !isTsString(sp.created_ -> "false"
[683/782] killed     m-0b7e7bb8c7 src/server.js:923 logical "||" -> "&&"
[684/782] survived   m-0db27c8174 src/server.js:922 logical "||" -> "&&"
[685/782] killed     m-70b0fa1cf8 src/server.js:926 negation-removal "!" -> ""
[686/782] survived   m-3f685996e9 src/server.js:922 logical "||" -> "&&"
[687/782] killed     m-af2de8fed3 src/server.js:926 negation-removal "!" -> ""
[688/782] killed     m-2e1613c2cf src/server.js:934 negation-removal "!" -> ""
[689/782] killed     m-77e19b67da src/server.js:926 guard-bypass "!Array.isArray(sp.request_ids) || !sp.request_ids.every((id) => st.requests.has -> "false"
[690/782] killed     m-161f96fc0b src/server.js:934 negation-removal "!" -> ""
[691/782] killed     m-2986ba4bce src/server.js:926 logical "||" -> "&&"
[692/782] killed     m-e1ee0a8db1 src/server.js:935 negation-removal "!" -> ""
[693/782] survived   m-7176fdd4be src/server.js:923 logical "&&" -> "||"
[694/782] killed     m-d428dc3ddb src/server.js:935 negation-removal "!" -> ""
[695/782] killed     m-366129a51d src/server.js:935 guard-bypass "!Array.isArray(se.payment_ids) || !se.payment_ids.every((id) => st.payments.has -> "false"
[696/782] killed     m-02fa4935c6 src/server.js:935 logical "||" -> "&&"
[697/782] survived   m-8f58df63a3 src/server.js:923 logical "&&" -> "||"
[698/782] killed     m-03c35d2d6a src/server.js:936 negation-removal "!" -> ""
[699/782] killed     m-c029a3cec8 src/server.js:942 guard-bypass "!isObject(r) || !st.users.has(r.user) || r.method !== 'POST' || typeof r.path ! -> "false"
[700/782] killed     m-a8fe09c506 src/server.js:942 negation-removal "!" -> ""
[701/782] survived   m-558cc7053f src/server.js:934 guard-bypass "!isObject(se) || !isId(se.id) || st.settlements.has(se.id)" -> "false"
[702/782] killed     m-271465da7b src/server.js:942 logical "||" -> "&&"
[703/782] killed     m-78753f6138 src/server.js:942 negation-removal "!" -> ""
[704/782] survived   m-4164af8496 src/server.js:934 logical "||" -> "&&"
[705/782] killed     m-b44550ac9f src/server.js:942 equality-negation "!==" -> "==="
[706/782] killed     m-3fe0013489 src/server.js:942 equality-negation "!==" -> "==="
[707/782] survived   m-9480c164b0 src/server.js:934 logical "||" -> "&&"
[708/782] killed     m-db2d54d202 src/server.js:943 equality-negation "!==" -> "==="
[709/782] killed     m-37dd61b10e src/server.js:942 logical "||" -> "&&"
[710/782] killed     m-f5d1b8c534 src/server.js:943 equality-negation "===" -> "!=="
[711/782] killed     m-e2016daa97 src/server.js:943 equality-negation "!==" -> "==="
[712/782] killed     m-58111b73b6 src/server.js:943 negation-removal "!" -> ""
[713/782] survived   m-557d8c326c src/server.js:936 guard-bypass "!isTsString(se.committed_at)" -> "false"
[714/782] killed     m-89d50298b9 src/server.js:956 literal-boundary "204" -> "205"
[715/782] killed     m-31db991b66 src/server.js:955 statement-deletion "state = stateFromExport(doc);" -> ";"
[716/782] survived   m-8d922f017f src/server.js:942 logical "||" -> "&&"
[717/782] killed     m-e113d23d56 src/server.js:983 guard-bypass "m !== method" -> "false"
[718/782] killed     m-9318d167b2 src/server.js:985 guard-bypass "!match" -> "false"
[719/782] survived   m-e588f8d0cc src/server.js:943 logical "||" -> "&&"
[720/782] survived   m-f9acfa877e src/server.js:943 logical "||" -> "&&"
[721/782] equivalent m-3ab9b402e8 src/server.js:1000 guard-bypass "res.headersSent || res.destroyed" -> "false"
[722/782] equivalent m-1ec8236ab3 src/server.js:1000 logical "||" -> "&&"
[723/782] equivalent m-5a8188f402 src/server.js:1001 guard-bypass "status === 204" -> "false"
[724/782] killed     m-420ef395eb src/server.js:987 literal-boundary "1" -> "2"
[725/782] equivalent m-591f6f3644 src/server.js:1001 literal-boundary "204" -> "205"
[726/782] survived   m-b15542fb8a src/server.js:943 literal-boundary "0" -> "1"
[727/782] killed     m-4bf0e46a52 src/server.js:989 statement-deletion "params.push(decodeURIComponent(p));" -> ";"
[728/782] killed     m-87c193881a src/server.js:1002 statement-deletion "res.writeHead(204);" -> ";"
[729/782] killed     m-8afb761242 src/server.js:1002 literal-boundary "204" -> "205"
[730/782] survived   m-4bf5bf080e src/server.js:943 logical "||" -> "&&"
[731/782] invalid    m-af83f16d6a src/server.js:983 equality-negation "!==" -> "==="
[732/782] equivalent m-5574c77b85 src/server.js:1018 statement-deletion "console.error(e);" -> ";"
[733/782] equivalent m-29e21ec300 src/server.js:1019 statement-deletion "send(res, 500, { error: { code: 'internal_error', message: 'internal error' } } -> ";"
[734/782] equivalent m-70dba4bfce src/server.js:1019 literal-boundary "500" -> "501"
[735/782] survived   m-f49e4659db src/server.js:943 logical "||" -> "&&"
[736/782] invalid    m-9fd116b433 src/server.js:985 negation-removal "!" -> ""
[737/782] killed     m-9e29704dca src/server.js:1015 guard-bypass "e instanceof HttpError" -> "false"
[738/782] invalid    m-b80540379f src/server.js:1001 equality-negation "===" -> "!=="
[739/782] killed     m-0bfb823b99 src/server.js:1016 statement-deletion "send(res, e.status, { error: { code: e.code, message: e.message } });" -> ";"
[740/782] invalid    m-747cb146c0 src/server.js:1011 statement-deletion "res.end(text);" -> ";"
[741/782] killed     m-1a4979bc60 src/server.js:1003 statement-deletion "res.end();" -> ";"
[742/782] survived   m-e6f9fc89f2 src/server.js:1026 literal-boundary "0" -> "1"
[743/782] killed     m-9b8cc67f00 src/server.js:1034 statement-deletion "chunks.push(c);" -> ";"
[744/782] survived   m-1cf1035799 src/server.js:1028 statement-deletion "size += c.length;" -> ";"
[745/782] survived   m-a166a60d8e src/server.js:1028 compound-assignment "+=" -> "-="
[746/782] survived   m-d89f9ed874 src/server.js:1029 guard-bypass "size > MAX_BODY" -> "false"
[747/782] survived   m-16713448e7 src/server.js:1029 boundary ">" -> ">="
[748/782] survived   m-e3d1c13a95 src/server.js:1030 statement-deletion "reject(new HttpError(413, 'payload_too_large', 'request body is too large'));" -> ";"
[749/782] killed     m-65a0e6567b src/server.js:1051 guard-bypass "!found" -> "false"
[750/782] survived   m-2a4a32c7df src/server.js:1030 literal-boundary "413" -> "414"
[751/782] invalid    m-31e4902cf1 src/server.js:1036 statement-deletion "req.on('end', () => resolve(Buffer.concat(chunks)));" -> ";"
[752/782] survived   m-39a54b3287 src/server.js:1031 statement-deletion "req.resume();" -> ";"
[753/782] invalid    m-7ea313d79c src/server.js:1045 statement-deletion "url = new URL(req.url, 'http://localhost');" -> ";"
[754/782] equivalent m-0b4fdb60c1 src/server.js:1063 literal-boundary "64" -> "65"
[755/782] equivalent m-09db0fefb8 src/server.js:1063 literal-boundary "1024" -> "1025"
[756/782] equivalent m-2af82f23bf src/server.js:1064 statement-deletion "server.keepAliveTimeout = 75 * 1000;" -> ";"
[757/782] equivalent m-b2b7220559 src/server.js:1064 literal-boundary "75" -> "76"
[758/782] equivalent m-3510900e37 src/server.js:1064 literal-boundary "1000" -> "1001"
[759/782] equivalent m-02fe3714d4 src/server.js:1065 statement-deletion "server.headersTimeout = 76 * 1000;" -> ";"
[760/782] equivalent m-102d3c5cb3 src/server.js:1065 literal-boundary "76" -> "77"
[761/782] equivalent m-31c460c75c src/server.js:1065 literal-boundary "1000" -> "1001"
[762/782] equivalent m-aabb72392e src/server.js:1066 statement-deletion "server.requestTimeout = 0;" -> ";"
[763/782] equivalent m-88ce05de6b src/server.js:1066 literal-boundary "0" -> "1"
[764/782] equivalent m-6a5d2c86b1 src/server.js:1068 statement-deletion "console.log(`pocketful stage 1 listening on 0.0.0.0:${port}`);" -> ";"
[765/782] equivalent m-d4b2421473 src/server.js:1070 statement-deletion "hashPassword(crypto.randomBytes(12).toString('hex')).then((h) => { dummyHash =  -> ";"
[766/782] equivalent m-d332e7c718 src/server.js:1070 literal-boundary "12" -> "13"
[767/782] equivalent m-287b9e4efa src/server.js:1071 literal-boundary "0" -> "1"
[768/782] equivalent m-475473ce21 src/server.js:1071 logical "&&" -> "||"
[769/782] equivalent m-2a0e5e700f src/server.js:1071 literal-boundary "0" -> "1"
[770/782] equivalent m-af20daadda src/server.js:1071 literal-boundary "500" -> "501"
[771/782] equivalent m-5e03ed8c9a src/server.js:1072 statement-deletion "process.on('SIGTERM', stop);" -> ";"
[772/782] equivalent m-126fe27986 src/server.js:1073 statement-deletion "process.on('SIGINT', stop);" -> ";"
[773/782] invalid    m-24dda0d9e0 src/server.js:1077 guard-bypass "require.main === module" -> "false"
[774/782] invalid    m-8ac1f2a4c5 src/server.js:1077 equality-negation "===" -> "!=="
[775/782] equivalent m-eb5f42efce src/server.js:1079 statement-deletion "module.exports = { start, equalSplit, deriveHandle, canonical };" -> ";"
[776/782] killed     m-6fb7449647 src/server.js:1056 statement-deletion "sendError(res, e);" -> ";"
[777/782] invalid    m-643069d765 src/server.js:1051 negation-removal "!" -> ""
[778/782] invalid    m-f64416f258 src/server.js:1054 statement-deletion "send(res, status, body);" -> ";"
[779/782] invalid    m-e5dd6400b4 src/server.js:1062 equality-negation "!==" -> "==="
[780/782] survived   m-6b5948a877 src/server.js:1037 statement-deletion "req.on('error', reject);" -> ";"
[781/782] survived   m-293a457746 src/server.js:1062 logical "&&" -> "||"
[782/782] survived   m-dc4d9ac48a src/server.js:1062 literal-boundary "8080" -> "8081"
{
  "kind": "mutation-campaign",
  "factoryVersion": "1.0.0-rc.3",
  "target": "stage-1",
  "files": [
    "src/server.js"
  ],
  "start": "node src/server.js",
  "check": "/tmp/vf-s1/verification/stage-1/kill.sh {url}",
  "seed": 1,
  "selection": "all",
  "discovered": 782,
  "executed": 782,
  "tally": {
    "killed": 653,
    "survived": 53,
    "timeout": 0,
    "invalid": 13,
    "error": 0,
    "equivalent": 63
  },
  "layers": {
    "adversarial": {
      "killed": 2,
      "onlyThisLayer": 2
    },
    "contract": {
      "killed": 495,
      "onlyThisLayer": 495
    },
    "extra": {
      "killed": 16,
      "onlyThisLayer": 16
    },
    "reference": {
      "killed": 0,
      "onlyThisLayer": 0
    },
    "semantic-import": {
      "killed": 25,
      "onlyThisLayer": 25
    },
    "survivors": {
      "killed": 115,
      "onlyThisLayer": 115
    }
  },
  "valid": 706,
  "killRate": 0.9249291784702549,
  "detectionRate": 0.9249291784702549,
  "formula": "killRate = killed / (killed + survived + timeout); detectionRate counts timeouts as detected; invalid, error and equivalent are excluded from both and listed",
  "campaignBroken": false,
  "jobs": 8,
  "mutantTimeoutMs": 180000,
  "startedAt": "2026-10-05T12:23:50.660Z",
  "finishedAt": "2026-10-05T12:56:05.774Z",
  "durationMs": 1935114,
  "replay": "node commit/mutate.ts --target stage-1 --start 'node src/server.js' --check '/tmp/vf-s1/verification/stage-1/kill.sh {url}' --only <id> --out <new dir>"
}
