{
  "kind": "reference-campaign",
  "runId": "20261005T122332Z-8d5d28",
  "factoryVersion": "1.0.0-rc.3",
  "campaign": "pocketful-stage-1-reference",
  "moduleSha256": "82cef72ef02d4719aa57a1826f8bcc0a78c6beee76cd4248b395643e8d98187b",
  "seed": 90210,
  "operationsRequested": 1000,
  "operationsExecuted": 1000,
  "stateComparisons": 250,
  "invariantChecks": 8000,
  "outcomes": {
    "200": 80,
    "201": 464,
    "409 insufficient_funds": 83,
    "409 request_not_pending": 71,
    "200 replay": 81,
    "409 idempotency_key_reuse": 91,
    "403 forbidden": 40,
    "422 validation_failed": 34,
    "422 self_payment": 16,
    "404 not_found": 34,
    "422 self_request": 6
  },
  "durationMs": 8261,
  "result": "agree",
  "firstDivergence": null,
  "reproduction": "node commit/campaign.ts --module verification/stage-1/reference.mjs --base-url <url> --seed 90210 --operations 1000"
}
