ok   same-key-burst seed=11 (207 ms)
ok   same-key-burst seed=23 (143 ms)
ok   same-key-burst seed=37 (135 ms)
ok   same-key-burst seed=51 (133 ms)
ok   same-key-burst seed=73 (135 ms)
ok   overdraw seed=11 (184 ms)
ok   overdraw seed=23 (183 ms)
ok   overdraw seed=37 (181 ms)
ok   overdraw seed=51 (181 ms)
ok   overdraw seed=73 (179 ms)
ok   request-race seed=11 (115 ms)
ok   request-race seed=23 (108 ms)
ok   request-race seed=37 (100 ms)
ok   request-race seed=51 (111 ms)
ok   request-race seed=73 (108 ms)
ok   settlement-drain seed=11 (96 ms)
ok   settlement-drain seed=23 (96 ms)
ok   settlement-drain seed=37 (99 ms)
ok   settlement-drain seed=51 (97 ms)
ok   settlement-drain seed=73 (101 ms)
ok   ring-chaos seed=11 (163 ms)
ok   ring-chaos seed=23 (146 ms)
ok   ring-chaos seed=37 (149 ms)
ok   ring-chaos seed=51 (133 ms)
ok   ring-chaos seed=73 (132 ms)
ok   lost-response-retry seed=11 (129 ms)
ok   lost-response-retry seed=23 (122 ms)
ok   lost-response-retry seed=37 (140 ms)
ok   lost-response-retry seed=51 (127 ms)
ok   lost-response-retry seed=73 (128 ms)
ok   same-key-conflict seed=11 (67 ms)
ok   same-key-conflict seed=23 (67 ms)
ok   same-key-conflict seed=37 (65 ms)
ok   same-key-conflict seed=51 (65 ms)
ok   same-key-conflict seed=73 (68 ms)
ok   signup-race seed=11 (747 ms)
ok   signup-race seed=23 (715 ms)
ok   signup-race seed=37 (726 ms)
ok   signup-race seed=51 (723 ms)
ok   signup-race seed=73 (725 ms)
ok   export-under-load seed=11 (113 ms)
ok   export-under-load seed=23 (101 ms)
ok   export-under-load seed=37 (109 ms)
ok   export-under-load seed=51 (104 ms)
ok   export-under-load seed=73 (103 ms)
ok   split-pay-all seed=11 (96 ms)
ok   split-pay-all seed=23 (97 ms)
ok   split-pay-all seed=37 (105 ms)
ok   split-pay-all seed=51 (102 ms)
ok   split-pay-all seed=73 (105 ms)

adversarial: 50/50 rounds passed, 0 failed, 5740 requests
