ok   same-key-burst seed=11 (232 ms)
ok   same-key-burst seed=23 (144 ms)
ok   same-key-burst seed=37 (138 ms)
ok   same-key-burst seed=51 (130 ms)
ok   same-key-burst seed=73 (135 ms)
ok   overdraw seed=11 (186 ms)
ok   overdraw seed=23 (186 ms)
ok   overdraw seed=37 (181 ms)
ok   overdraw seed=51 (186 ms)
ok   overdraw seed=73 (186 ms)
ok   request-race seed=11 (111 ms)
ok   request-race seed=23 (120 ms)
ok   request-race seed=37 (114 ms)
ok   request-race seed=51 (114 ms)
ok   request-race seed=73 (110 ms)
ok   settlement-drain seed=11 (100 ms)
ok   settlement-drain seed=23 (96 ms)
ok   settlement-drain seed=37 (95 ms)
ok   settlement-drain seed=51 (112 ms)
ok   settlement-drain seed=73 (103 ms)
ok   ring-chaos seed=11 (169 ms)
ok   ring-chaos seed=23 (152 ms)
ok   ring-chaos seed=37 (153 ms)
ok   ring-chaos seed=51 (151 ms)
ok   ring-chaos seed=73 (140 ms)
ok   lost-response-retry seed=11 (154 ms)
ok   lost-response-retry seed=23 (147 ms)
ok   lost-response-retry seed=37 (141 ms)
ok   lost-response-retry seed=51 (140 ms)
ok   lost-response-retry seed=73 (135 ms)
ok   same-key-conflict seed=11 (77 ms)
ok   same-key-conflict seed=23 (72 ms)
ok   same-key-conflict seed=37 (67 ms)
ok   same-key-conflict seed=51 (66 ms)
ok   same-key-conflict seed=73 (71 ms)
ok   signup-race seed=11 (742 ms)
ok   signup-race seed=23 (754 ms)
ok   signup-race seed=37 (751 ms)
ok   signup-race seed=51 (752 ms)
ok   signup-race seed=73 (756 ms)
ok   export-under-load seed=11 (107 ms)
ok   export-under-load seed=23 (107 ms)
ok   export-under-load seed=37 (111 ms)
ok   export-under-load seed=51 (112 ms)
ok   export-under-load seed=73 (115 ms)
ok   split-pay-all seed=11 (100 ms)
ok   split-pay-all seed=23 (100 ms)
ok   split-pay-all seed=37 (100 ms)
ok   split-pay-all seed=51 (102 ms)
ok   split-pay-all seed=73 (101 ms)

adversarial: 50/50 rounds passed, 0 failed, 5740 requests
