#0 building with "default" instance using docker driver

#1 [internal] load build definition from Dockerfile
#1 transferring dockerfile: 506B done
#1 DONE 0.0s

#2 [internal] load metadata for docker.io/library/node:22-alpine
#2 DONE 7.9s

#3 [internal] load .dockerignore
#3 transferring context: 64B done
#3 DONE 0.0s

#4 [internal] load build context
#4 transferring context: 310B done
#4 DONE 0.0s

#5 [1/4] FROM docker.io/library/node:22-alpine@sha256:0a7108bf6c7bf5de370ffb1a3ed6be93d405b43ff159f681a8d18c0e2bc2e402
#5 resolve docker.io/library/node:22-alpine@sha256:0a7108bf6c7bf5de370ffb1a3ed6be93d405b43ff159f681a8d18c0e2bc2e402 0.0s done
#5 DONE 0.0s

#6 [2/4] WORKDIR /app
#6 CACHED

#7 [3/4] COPY package.json ./
#7 DONE 0.1s

#8 [4/4] COPY src ./src
#8 DONE 0.1s

#9 exporting to image
#9 exporting layers 0.1s done
#9 exporting manifest sha256:084bead6387a41b650355ca04cf4addca25c570b5f29846a78dfdd6b91a37dfa 0.0s done
#9 exporting config sha256:d21b684f39eae8624ba6b964270e6134388dbfd4f558d86e32966e10a1a9f31d 0.0s done
#9 exporting attestation manifest sha256:24ea8cf35ac51d6065d2ab081b75422c5ef2904ede6286e8ebc13a144e6c8dbd 0.0s done
#9 exporting manifest list sha256:f99853e3e0e90eb00e4be7707af03d8cf72d24e611b170e660d57c37f9063bc7 0.0s done
#9 naming to docker.io/library/vf-pocketful-s4:verify done
#9 unpacking to docker.io/library/vf-pocketful-s4:verify 0.0s done
#9 DONE 0.3s
