{
  "kind": "reference-campaign",
  "runId": "20261005T164412Z-8282e6",
  "factoryVersion": "1.0.0-rc.3",
  "campaign": "pocketful-stage-2-holds-reference",
  "moduleSha256": "3eb406af53f5f54ae08c271ca6976ebf46e89f78c498bd8d914a9723f522e5c6",
  "seed": 90210,
  "operationsRequested": 1000,
  "operationsExecuted": 1000,
  "stateComparisons": 250,
  "invariantChecks": 3000,
  "outcomes": {
    "200": 104,
    "201": 232,
    "409 insufficient_funds": 343,
    "200 replay": 56,
    "409 authorization_not_open": 177,
    "409 idempotency_key_reuse": 17,
    "403 forbidden": 48,
    "422 capture_exceeds_authorization": 2,
    "422 validation_failed": 11,
    "422 self_payment": 10
  },
  "durationMs": 5749,
  "result": "agree",
  "firstDivergence": null,
  "reproduction": "node commit/campaign.ts --module verification/stage-4/reference-holds.mjs --base-url <url> --seed 90210 --operations 1000"
}
