ok   same-key-burst seed=11 (204 ms)
ok   same-key-burst seed=23 (156 ms)
ok   same-key-burst seed=37 (143 ms)
ok   same-key-burst seed=51 (131 ms)
ok   same-key-burst seed=73 (137 ms)
ok   overdraw seed=11 (180 ms)
ok   overdraw seed=23 (181 ms)
ok   overdraw seed=37 (177 ms)
ok   overdraw seed=51 (180 ms)
ok   overdraw seed=73 (178 ms)
ok   request-race seed=11 (106 ms)
ok   request-race seed=23 (106 ms)
ok   request-race seed=37 (112 ms)
ok   request-race seed=51 (109 ms)
ok   request-race seed=73 (111 ms)
ok   settlement-drain seed=11 (98 ms)
ok   settlement-drain seed=23 (94 ms)
ok   settlement-drain seed=37 (96 ms)
ok   settlement-drain seed=51 (104 ms)
ok   settlement-drain seed=73 (96 ms)
ok   ring-chaos seed=11 (140 ms)
ok   ring-chaos seed=23 (145 ms)
ok   ring-chaos seed=37 (130 ms)
ok   ring-chaos seed=51 (133 ms)
ok   ring-chaos seed=73 (138 ms)
ok   lost-response-retry seed=11 (128 ms)
ok   lost-response-retry seed=23 (126 ms)
ok   lost-response-retry seed=37 (127 ms)
ok   lost-response-retry seed=51 (126 ms)
ok   lost-response-retry seed=73 (138 ms)
ok   same-key-conflict seed=11 (70 ms)
ok   same-key-conflict seed=23 (71 ms)
ok   same-key-conflict seed=37 (65 ms)
ok   same-key-conflict seed=51 (72 ms)
ok   same-key-conflict seed=73 (67 ms)
ok   signup-race seed=11 (711 ms)
ok   signup-race seed=23 (734 ms)
ok   signup-race seed=37 (713 ms)
ok   signup-race seed=51 (705 ms)
ok   signup-race seed=73 (722 ms)
ok   export-under-load seed=11 (105 ms)
ok   export-under-load seed=23 (107 ms)
ok   export-under-load seed=37 (106 ms)
ok   export-under-load seed=51 (111 ms)
ok   export-under-load seed=73 (105 ms)
ok   split-pay-all seed=11 (98 ms)
ok   split-pay-all seed=23 (98 ms)
ok   split-pay-all seed=37 (99 ms)
ok   split-pay-all seed=51 (99 ms)
ok   split-pay-all seed=73 (97 ms)

adversarial: 50/50 rounds passed, 0 failed, 5740 requests
