ok   same-key-burst seed=11 (202 ms)
ok   same-key-burst seed=23 (145 ms)
ok   same-key-burst seed=37 (128 ms)
ok   same-key-burst seed=51 (121 ms)
ok   same-key-burst seed=73 (128 ms)
ok   overdraw seed=11 (177 ms)
ok   overdraw seed=23 (176 ms)
ok   overdraw seed=37 (178 ms)
ok   overdraw seed=51 (177 ms)
ok   overdraw seed=73 (181 ms)
ok   request-race seed=11 (106 ms)
ok   request-race seed=23 (107 ms)
ok   request-race seed=37 (120 ms)
ok   request-race seed=51 (107 ms)
ok   request-race seed=73 (110 ms)
ok   settlement-drain seed=11 (103 ms)
ok   settlement-drain seed=23 (94 ms)
ok   settlement-drain seed=37 (93 ms)
ok   settlement-drain seed=51 (94 ms)
ok   settlement-drain seed=73 (94 ms)
ok   ring-chaos seed=11 (135 ms)
ok   ring-chaos seed=23 (134 ms)
ok   ring-chaos seed=37 (129 ms)
ok   ring-chaos seed=51 (132 ms)
ok   ring-chaos seed=73 (133 ms)
ok   lost-response-retry seed=11 (128 ms)
ok   lost-response-retry seed=23 (128 ms)
ok   lost-response-retry seed=37 (131 ms)
ok   lost-response-retry seed=51 (122 ms)
ok   lost-response-retry seed=73 (122 ms)
ok   same-key-conflict seed=11 (73 ms)
ok   same-key-conflict seed=23 (65 ms)
ok   same-key-conflict seed=37 (66 ms)
ok   same-key-conflict seed=51 (68 ms)
ok   same-key-conflict seed=73 (81 ms)
ok   signup-race seed=11 (724 ms)
ok   signup-race seed=23 (705 ms)
ok   signup-race seed=37 (722 ms)
ok   signup-race seed=51 (725 ms)
ok   signup-race seed=73 (702 ms)
ok   export-under-load seed=11 (110 ms)
ok   export-under-load seed=23 (103 ms)
ok   export-under-load seed=37 (104 ms)
ok   export-under-load seed=51 (107 ms)
ok   export-under-load seed=73 (107 ms)
ok   split-pay-all seed=11 (95 ms)
ok   split-pay-all seed=23 (94 ms)
ok   split-pay-all seed=37 (96 ms)
ok   split-pay-all seed=51 (97 ms)
ok   split-pay-all seed=73 (98 ms)

adversarial: 50/50 rounds passed, 0 failed, 5740 requests
