#0 building with "default" instance using docker driver

#1 [internal] load build definition from Dockerfile
#1 transferring dockerfile: 493B done
#1 DONE 0.0s

#2 [internal] load metadata for docker.io/library/node:22-alpine
#2 DONE 1.0s

#3 [internal] load .dockerignore
#3 transferring context: 64B done
#3 DONE 0.0s

#4 [internal] load build context
#4 transferring context: 310B done
#4 DONE 0.0s

#5 [1/4] FROM docker.io/library/node:22-alpine@sha256:0a7108bf6c7bf5de370ffb1a3ed6be93d405b43ff159f681a8d18c0e2bc2e402
#5 resolve docker.io/library/node:22-alpine@sha256:0a7108bf6c7bf5de370ffb1a3ed6be93d405b43ff159f681a8d18c0e2bc2e402 0.0s done
#5 DONE 0.0s

#6 [2/4] WORKDIR /app
#6 CACHED

#7 [3/4] COPY package.json ./
#7 DONE 0.1s

#8 [4/4] COPY src ./src
#8 DONE 0.1s

#9 exporting to image
#9 exporting layers 0.1s done
#9 exporting manifest sha256:f89d6e5821e983125a948a9a1be0f7e3a2f4b41693417a86aa881aa6529e47d6 0.0s done
#9 exporting config sha256:b2a590146ae4755c15b8907f25d5c2cf4e1a2652b3e37d5d7ef9445f8619b1c2 0.0s done
#9 exporting attestation manifest sha256:363c983b006d370a306293b860fa284da64e01297ce0b52c97c25c8d3899986c 0.0s done
#9 exporting manifest list sha256:2a9beece629b9a01179c265bb3e6bb241ef6726f222cdac70fa35373356f83d1 0.0s done
#9 naming to docker.io/library/vf-pocketful-s2:verify done
#9 unpacking to docker.io/library/vf-pocketful-s2:verify 0.0s done
#9 DONE 0.2s
