{
  "kind": "reference-campaign",
  "runId": "20261005T135238Z-15b0fd",
  "factoryVersion": "1.0.0-rc.3",
  "campaign": "pocketful-stage-1-reference",
  "moduleSha256": "82cef72ef02d4719aa57a1826f8bcc0a78c6beee76cd4248b395643e8d98187b",
  "seed": 7,
  "operationsRequested": 1000,
  "operationsExecuted": 1000,
  "stateComparisons": 250,
  "invariantChecks": 8000,
  "outcomes": {
    "200": 88,
    "201": 431,
    "403 forbidden": 43,
    "200 replay": 65,
    "409 request_not_pending": 92,
    "409 insufficient_funds": 91,
    "409 idempotency_key_reuse": 92,
    "404 not_found": 34,
    "422 validation_failed": 47,
    "422 self_payment": 14,
    "422 self_request": 3
  },
  "durationMs": 7247,
  "result": "agree",
  "firstDivergence": null,
  "reproduction": "node commit/campaign.ts --module verification/stage-2/reference.mjs --base-url <url> --seed 7 --operations 1000"
}
